[www.aspengrovesolutions.com/index.html]
[backblue.gif]
[fade.gif]
[index.html]
[www.aspengrovesolutions.com/hubfs/Aspen-Grove_Brandmark_FullColor.png]
[www.aspengrovesolutions.com/hubfs/hub_generated/module_assets/1/47622175185/1744334717353/module_AG_-_Contact_Us_Popup.min.css]
[www.aspengrovesolutions.com/hubfs/hub_generated/module_assets/1/47622329300/1744334727473/module_AG_-_Burger_Menu.min.css]
[www.aspengrovesolutions.com/hubfs/hub_generated/module_assets/1/56986503401/1744334766758/module_AG_-_Value_props.min.css]
[www.aspengrovesolutions.com/hubfs/hub_generated/module_assets/1/56986991605/1744334767650/module_AG_-_Benefits_Values.min.css]
[www.aspengrovesolutions.com/hubfs/hub_generated/template_assets/1/47622332134/1744321554638/template_jquery_bxslider_min.min.css]
[www.aspengrovesolutions.com/hubfs/hub_generated/module_assets/1/47622175192/1759246167016/module_Client_Logos.min.css]
[www.aspengrovesolutions.com/hubfs/hub_generated/module_assets/1/56989203386/1744334768671/module_AG_-_3_posts_by_Tag_and_Blog.min.css]
[www.google-analytics.com/analytics.js]
[www.aspengrovesolutions.com/hubfs/hub_generated/module_assets/1/47622329304/1744334728704/module_AG_-_Follow_Us.min.css]
[cdnjs.cloudflare.com/ajax/libs/jquery/3.6.1/jquery.min.js]
[use.typekit.net/ofb4wdj.css]
[7052064.fs1.hubspotusercontent-na1.net/hubfs/7052064/hub_generated/template_assets/DEFAULT_ASSET/1767723259071/template_layout.min.css]
[www.aspengrovesolutions.com/hubfs/hub_generated/template_assets/1/55946776765/1759332491410/template_main_NOV2022.min.css]
[www.aspengrovesolutions.com/generated_global_groups/57201506806.f.delayed]
[www.aspengrovesolutions.com/hs-fs/hubfs/Aspen-Grove_Primary-Logo_FullColor_Largec3d8.png]
[www.aspengrovesolutions.com/asset-servicing-platform.html]
[www.aspengrovesolutions.com/borrower-engagement-platform.html]
[www.aspengrovesolutions.com/platform-and-system-integrations.html]
[www.aspengrovesolutions.com/trust-and-security.html]
[www.aspengrovesolutions.com/why-aspen.html]
[www.aspengrovesolutions.com/client-success-stories.html]
[www.aspengrovesolutions.com/about-us.html]
[www.aspengrovesolutions.com/careers.html]
[www.aspengrovesolutions.com/news-and-events.html]
[www.aspengrovesolutions.com/our-sustainability-promise.html]
[www.aspengrovesolutions.com/insights-and-resources.html]
[www.aspengrovesolutions.com/contact-us.html]
[www.aspengrovesolutions.com/hs-fs/hubfs/main_photo_19ffc.png]
[www.aspengrovesolutions.com/hubfs/Aspen - Website Assets/NOV2022/easily-scale.svg]
[www.aspengrovesolutions.com/hubfs/Aspen - Website Assets/NOV2022/manage-compliance.svg]
[www.aspengrovesolutions.com/hubfs/Aspen - Website Assets/NOV2022/seamlessly-intergrate.svg]
[www.aspengrovesolutions.com/hubfs/Aspen - Website Assets/NOV2022/save-millions.svg]
[www.aspengrovesolutions.com/hubfs/Aspen - Website Assets/NOV2022/engage2.svg]
[hubspot-no-cache-eu1-prod.s3.amazonaws.com/cta/default/25276569/32caf841-208d-4d29-bae1-98c1b2acd124.png]
[www.aspengrovesolutions.com/hs/cta/cta/current.js]
[www.aspengrovesolutions.com/generated_global_groups/47622332366.html]
[www.aspengrovesolutions.com/hubfs/Wells-Fargo-Logo.svg]
[www.aspengrovesolutions.com/hubfs/Aspen - Case Studies/cmg-logo.svg]
[www.aspengrovesolutions.com/hubfs/US-Bank-logo.svg]
[www.aspengrovesolutions.com/hubfs/Aspen Grove Website - Build Assets (Original)/Guardian logo.png]
[www.aspengrovesolutions.com/hubfs/brookstone management logo.svg]
[www.aspengrovesolutions.com/hubfs/MSI-Logo.png]
[www.aspengrovesolutions.com/hubfs/Altisource-logo.png]
[www.aspengrovesolutions.com/hubfs/Aspen - Case Studies/Fannie-Mae-logo.png]
[hubspot-no-cache-eu1-prod.s3.amazonaws.com/cta/default/25276569/e9e40151-9141-4a73-8b17-9b347126e041.png]
[www.aspengrovesolutions.com/news-and-events/aspen-grove-news-2025hw-tech-trendsetter-winner.html]
[www.aspengrovesolutions.com/hs-fs/hubfs/TT4e918.png]
[www.aspengrovesolutions.com/news-and-events/tag/news.html]
[www.aspengrovesolutions.com/insights-and-resources/aspen-grove-insights-impact-report.html]
[www.aspengrovesolutions.com/hs-fs/hubfs/Aspen Grove - Sustainability/b-corporation-impact-report-grey6390.jpg]
[www.aspengrovesolutions.com/insights-and-resources/tag/article.html]
[www.aspengrovesolutions.com/insights-and-resources/tag/white-paper.html]
[www.aspengrovesolutions.com/insights-and-resources/improving-accessibility-0.html]
[www.aspengrovesolutions.com/hs-fs/hubfs/iStock-1147350187-14bc0.jpg]
[www.aspengrovesolutions.com/generated_global_groups/47622175208.html]
[hubspot-no-cache-eu1-prod.s3.amazonaws.com/cta/default/25276569/8ae3bae6-12d7-448d-b1ed-19cbb816d834.png]
[www.aspengrovesolutions.com/hubfs/aspen-logo.svg]
[cdn.iubenda.com/iubenda.js]
[www.aspengrovesolutions.com/hs/hsstatic/content-cwv-embed/static-1.1293/embed.js]
[www.aspengrovesolutions.com/hubfs/hub_generated/template_assets/1/55949778112/1744321592177/template_main_NOV2022.min.js]
[www.aspengrovesolutions.com/hs/hsstatic/cos-i18n/static-1.53/bundles/project.js]
[www.aspengrovesolutions.com/hs/hsstatic/keyboard-accessible-menu-flyouts/static-1.17/bundles/project.js]
[www.aspengrovesolutions.com/hubfs/hub_generated/module_assets/1/47622175185/1744334717353/module_AG_-_Contact_Us_Popup.min.js]
[www.aspengrovesolutions.com/_hcms/forms/v2.js]
[www.aspengrovesolutions.com/hubfs/hub_generated/module_assets/1/47622329300/1744334727473/module_AG_-_Burger_Menu.min.js]
[www.aspengrovesolutions.com/hubfs/hub_generated/template_assets/1/47622332139/1744321556702/template_jquery_waypoints_min.min.js]
[www.aspengrovesolutions.com/hubfs/hub_generated/template_assets/1/47622348486/1744321559324/template_jquery_bxslider_min.min.js]
[www.aspengrovesolutions.com/hubfs/hub_generated/module_assets/1/47622175192/1759246167016/module_Client_Logos.min.js]
[www.aspengrovesolutions.com/hs/scriptloader/25276569.js]
[www.aspengrovesolutions.com/index.html]
[www.aspengrovesolutions.com/hubfs/hub_generated/module_assets/1/47622175185/1744334717353/module_AG_-_Contact_Us_Popup.min.css]
[www.aspengrovesolutions.com/hs/hsstatic/HubspotToolsMenu/static-1.432/js/index.js]
[www.aspengrovesolutions.com/hubfs/25276569/Aspen - Website Assets/menu-before.svg]
[www.aspengrovesolutions.com/hubfs/25276569/Aspen - Website Assets/menu-after.svg]
[www.aspengrovesolutions.com/hubfs/hub_generated/module_assets/1/47622329300/1744334727473/module_AG_-_Burger_Menu.min.css]
[www.aspengrovesolutions.com/hubfs/hub_generated/module_assets/1/56986503401/1744334766758/module_AG_-_Value_props.min.css]
[www.aspengrovesolutions.com/hubfs/hub_generated/module_assets/1/56986991605/1744334767650/module_AG_-_Benefits_Values.min.css]
[www.aspengrovesolutions.com/hubfs/25276569/Aspen - Website Assets/submenu-back.svg]
[www.aspengrovesolutions.com/hubfs/hub_generated/template_assets/1/47622332134/1744321554638/images/controls.png]
[www.aspengrovesolutions.com/hubfs/hub_generated/template_assets/1/47622332134/1744321554638/template_jquery_bxslider_min.min.css]
[www.aspengrovesolutions.com/hubfs/hub_generated/module_assets/1/47622175192/1759246167016/module_Client_Logos.min.css]
[www.aspengrovesolutions.com/hubfs/hub_generated/module_assets/1/56989203386/1744334768671/module_AG_-_3_posts_by_Tag_and_Blog.min.css]
[www.aspengrovesolutions.com/hubfs/hub_generated/module_assets/1/47622329304/1744334728704/module_AG_-_Follow_Us.min.css]
[use.typekit.net/af/d69d3b/00000000000000007735c098/30/l652f]
[use.typekit.net/af/d69d3b/00000000000000007735c098/30/d652f]
[use.typekit.net/af/d69d3b/00000000000000007735c098/30/a652f]
[use.typekit.net/af/62b589/00000000000000007735c09a/30/le265]
[use.typekit.net/af/62b589/00000000000000007735c09a/30/de265]
[use.typekit.net/af/62b589/00000000000000007735c09a/30/ae265]
[use.typekit.net/af/6b9548/00000000000000007735c09d/30/l5bba]
[use.typekit.net/af/6b9548/00000000000000007735c09d/30/d5bba]
[use.typekit.net/af/6b9548/00000000000000007735c09d/30/a5bba]
[use.typekit.net/af/cd86df/00000000000000007735c09f/30/l1f8b]
[use.typekit.net/af/cd86df/00000000000000007735c09f/30/d1f8b]
[use.typekit.net/af/cd86df/00000000000000007735c09f/30/a1f8b]
[use.typekit.net/af/308ea8/00000000000000007735c0a2/30/l49af]
[use.typekit.net/af/308ea8/00000000000000007735c0a2/30/d49af]
[use.typekit.net/af/308ea8/00000000000000007735c0a2/30/a49af]
[use.typekit.net/af/8c9b19/00000000000000007735c0a3/30/l0d33]
[use.typekit.net/af/8c9b19/00000000000000007735c0a3/30/d0d33]
[use.typekit.net/af/8c9b19/00000000000000007735c0a3/30/a0d33]
[use.typekit.net/af/254f88/00000000000000007735c0a7/30/l3eab]
[use.typekit.net/af/254f88/00000000000000007735c0a7/30/d3eab]
[use.typekit.net/af/254f88/00000000000000007735c0a7/30/a3eab]
[use.typekit.net/af/d6a650/00000000000000007735c0a8/30/laaa3]
[use.typekit.net/af/d6a650/00000000000000007735c0a8/30/daaa3]
[use.typekit.net/ofb4wdj.css]
[7052064.fs1.hubspotusercontent-na1.net/hubfs/7052064/hub_generated/template_assets/DEFAULT_ASSET/1767723259071/template_layout.min.css]
[use.typekit.net/af/d6a650/00000000000000007735c0a8/30/aaaa3]
[www.aspengrovesolutions.com/hubfs/25276569/Aspen - Website Asssets/right arrow  hovered.svg]
[www.aspengrovesolutions.com/hubfs/25276569/Aspen - Website Asssets/btn-right-arrow-after.svg]
[www.aspengrovesolutions.com/hubfs/25276569/Aspen - Website Asssets/orange-btn arr hovered.svg]
[www.aspengrovesolutions.com/hubfs/25276569/Aspen - Website Asssets/orange-btn small arr.svg]
[www.aspengrovesolutions.com/hubfs/25276569/Aspen_files/checkbox-bg.svg]
[www.aspengrovesolutions.com/hubfs/25276569/Aspen_files/chechbox-toggle.svg]
[www.aspengrovesolutions.com/hubfs/25276569/Aspen_files/right arrow  hovered.svg]
[www.aspengrovesolutions.com/hubfs/25276569/Aspen_files/btn-right-arrow-after.svg]
[www.aspengrovesolutions.com/hubfs/25276569/Aspen - Website Asssets/menu-arr.svg]
[www.aspengrovesolutions.com/hubfs/25276569/Aspen - Website Assets/menu-arr (1).svg]
[www.aspengrovesolutions.com/hubfs/25276569/Aspen - Website Asssets/footer-Union.svg]
[www.aspengrovesolutions.com/hubfs/25276569/Aspen - Website Assets/postheader-graphic.svg]
[www.aspengrovesolutions.com/hubfs/25276569/Aspen - Website Asssets/blog-back-tr.svg]
[www.aspengrovesolutions.com/hubfs/25276569/downl-before.svg]
[www.aspengrovesolutions.com/hubfs/25276569/Aspen - Website Assets/download-after-1.svg]
[www.aspengrovesolutions.com/hubfs/25276569/Aspen - Website Assets/dounload-before.svg]
[www.aspengrovesolutions.com/hubfs/25276569/Aspen - Website Assets/downloadmask.svg]
[www.aspengrovesolutions.com/hubfs/25276569/Aspen - Website Asssets/re-tag-filter-after.svg]
[www.aspengrovesolutions.com/hubfs/25276569/Aspen - Website Asssets/icon_zoom.svg]
[www.aspengrovesolutions.com/hubfs/25276569/Aspen - Website Asssets/or-btn-big.svg]
[www.aspengrovesolutions.com/hubfs/25276569/Aspen - Website Asssets/or-btn-small.svg]
[www.aspengrovesolutions.com/hubfs/25276569/Aspen - Website Assets/home-line.svg]
[www.aspengrovesolutions.com/hubfs/25276569/Aspen - Website Asssets/scroll-group-panel4.svg]
[www.aspengrovesolutions.com/hubfs/25276569/Aspen - Website Asssets/home-after.svg]
[www.aspengrovesolutions.com/hubfs/25276569/Aspen_files/home-before.svg]
[www.aspengrovesolutions.com/hubfs/25276569/Aspen - Website Asssets/outc-after.svg]
[www.aspengrovesolutions.com/hubfs/25276569/Aspen - Website Assets/li-before-1.svg]
[www.aspengrovesolutions.com/hubfs/25276569/Aspen - Website Assets/resources-line.svg]
[www.aspengrovesolutions.com/hubfs/25276569/Aspen - Website Asssets/res-before.svg]
[www.aspengrovesolutions.com/hubfs/25276569/Aspen - Website Asssets/logos-after.svg]
[www.aspengrovesolutions.com/hubfs/25276569/Aspen_files/platform-op.svg]
[www.aspengrovesolutions.com/hubfs/25276569/Aspen - Website Asssets/platform sli bg.svg]
[www.aspengrovesolutions.com/hubfs/25276569/Aspen - Website Asssets/orange-btn-hovered.svg]
[www.aspengrovesolutions.com/hubfs/25276569/Aspen - Website Asssets/arr-grey-pl.svg]
[www.aspengrovesolutions.com/hubfs/25276569/Aspen - Website Assets/search-back.svg]
[www.aspengrovesolutions.com/hubfs/25276569/Aspen - Website Assets/search-line.svg]
[www.aspengrovesolutions.com/hubfs/25276569/Aspen - Website Assets/line-404-hero.svg]
[www.aspengrovesolutions.com/hubfs/25276569/Aspen_files/res-after.svg]
[www.aspengrovesolutions.com/hubfs/25276569/Aspen - Website Assets/news-after.svg]
[www.aspengrovesolutions.com/hubfs/25276569/Aspen - Website Assets/news-before.svg]
[www.aspengrovesolutions.com/hubfs/25276569/Aspen - Website Assets/news-back.svg]
[www.aspengrovesolutions.com/hubfs/25276569/Aspen - Website Assets/op-res-before.svg]
[www.aspengrovesolutions.com/hubfs/25276569/Aspen - Website Assets/blog-res-back.svg]
[www.aspengrovesolutions.com/hubfs/25276569/Aspen_files/testim-line-bg.svg]
[www.aspengrovesolutions.com/hubfs/25276569/Aspen_files/case-study-op-line-1.svg]
[www.aspengrovesolutions.com/hubfs/25276569/Aspen_files/case-study-op.svg]
[www.aspengrovesolutions.com/hubfs/25276569/Aspen - Website Assets/icon-list.svg]
[www.aspengrovesolutions.com/hubfs/25276569/Aspen_files/quote-bg-line.svg]
[www.aspengrovesolutions.com/hubfs/25276569/Aspen_files/mask2.svg]
[www.aspengrovesolutions.com/hubfs/25276569/Aspen_files/css-bg.svg]
[www.aspengrovesolutions.com/hubfs/25276569/Aspen_files/css-line-op.svg]
[www.aspengrovesolutions.com/hubfs/25276569/Aspen - Website Assets/about-after.svg]
[www.aspengrovesolutions.com/hubfs/25276569/Aspen - Website Assets/about-opening-before.svg]
[www.aspengrovesolutions.com/hubfs/25276569/Aspen - Website Assets/inf-line.svg]
[www.aspengrovesolutions.com/hubfs/25276569/Aspen - Website Assets/ind-before.svg]
[www.aspengrovesolutions.com/hubfs/25276569/Aspen - Website Assets/leadership-after.svg]
[www.aspengrovesolutions.com/hubfs/25276569/Aspen - Website Assets/story-after.svg]
[www.aspengrovesolutions.com/hubfs/25276569/Aspen - Website Asssets/why op bg.svg]
[www.aspengrovesolutions.com/hubfs/25276569/Aspen - Website Asssets/why col1bg.svg]
[www.aspengrovesolutions.com/hubfs/25276569/Aspen - Website Asssets/why col2bg.svg]
[www.aspengrovesolutions.com/hubfs/25276569/Aspen - Website Asssets/expertise mask.svg]
[www.aspengrovesolutions.com/hubfs/25276569/Aspen - Website Asssets/exp mask 2col.svg]
[www.aspengrovesolutions.com/hubfs/25276569/Aspen - Website Asssets/Industry recognition redline.svg]
[www.aspengrovesolutions.com/hubfs/25276569/Aspen - Website Assets/exp-input-bg.svg]
[www.aspengrovesolutions.com/hubfs/25276569/Aspen - Website Assets/slider-culturte bg.svg]
[www.aspengrovesolutions.com/hubfs/25276569/contact-op.svg]
[www.aspengrovesolutions.com/hubfs/25276569/Aspen_files/16-01.svg]
[www.aspengrovesolutions.com/hubfs/25276569/Aspen_files/right-green-arrow.svg]
[www.aspengrovesolutions.com/hubfs/25276569/Aspen_files/industry-leaders-bg.svg]
[www.aspengrovesolutions.com/hubfs/25276569/Aspen_files/check-green.svg]
[www.aspengrovesolutions.com/hubfs/25276569/Aspen_files/button-green-str.svg]
[www.aspengrovesolutions.com/hubfs/25276569/Aspen_files/button-transparent-str-1.svg]
[www.aspengrovesolutions.com/hubfs/25276569/Aspen - Website Assets/orange-form-btn.svg]
[www.aspengrovesolutions.com/hubfs/25276569/Aspen - Website Assets/button-green-dark.svg]
[www.aspengrovesolutions.com/hubfs/25276569/Aspen - Website Asssets/btn-orange-dark.svg]
[www.aspengrovesolutions.com/hubfs/25276569/Aspen - Website Asssets/button-shapes.svg]
[www.aspengrovesolutions.com/hubfs/25276569/Aspen - Website Asssets/Line-careers.svg]
[www.aspengrovesolutions.com/hubfs/25276569/Aspen - Website Asssets/careers-patch-left.svg]
[www.aspengrovesolutions.com/hubfs/25276569/Aspen - Website Asssets/Path-careers-right.svg]
[www.aspengrovesolutions.com/hubfs/25276569/Aspen - Website Asssets/Line-position.svg]
[www.aspengrovesolutions.com/hubfs/5095261/Auxilion_Theme/partners-dots.svg]
[www.aspengrovesolutions.com/hubfs/5095261/Auxilion_Theme/partner-dots-bg.svg]
[www.aspengrovesolutions.com/hubfs/5095261/Auxilion_Theme/dots-1.svg]
[www.aspengrovesolutions.com/hubfs/5095261/Auxilion_Theme/list-bullet orange.svg]
[www.aspengrovesolutions.com/hubfs/5095261/Auxilion_Theme/arrow right.svg]
[www.aspengrovesolutions.com/hubfs/5095261/Auxilion_Theme/arrow-r-dark-hover.svg]
[www.aspengrovesolutions.com/hubfs/5095261/Auxilion_Theme/difference dots.svg]
[www.aspengrovesolutions.com/hubfs/5095261/Auxilion_Theme/graduate dots-1.svg]
[www.aspengrovesolutions.com/hubfs/25276569/Aspen - Website Asssets/line-modules.svg]
[www.aspengrovesolutions.com/hubfs/25276569/Aspen - Website Asssets/Aspen-modules-hero.svg]
[www.aspengrovesolutions.com/hubfs/25276569/Aspen - Website Asssets/button-green.svg]
[www.aspengrovesolutions.com/hubfs/25276569/Aspen - Website Asssets/right-green-arrow.svg]
[www.aspengrovesolutions.com/hubfs/25276569/Aspen - Website Assets/aspen-way-grey.svg]
[www.aspengrovesolutions.com/hubfs/25276569/Aspen - Website Assets/Line-explore-grey.svg]
[www.aspengrovesolutions.com/hubfs/25276569/Aspen - Website Asssets/btn-green-small.svg]
[www.aspengrovesolutions.com/hubfs/25276569/Aspen - Website Asssets/Line-explore-orange.svg]
[www.aspengrovesolutions.com/hubfs/25276569/Aspen - Website Assets/list-icon-black.svg]
[www.aspengrovesolutions.com/hubfs/25276569/partnership-programme-gray.svg]
[www.aspengrovesolutions.com/hubfs/25276569/Aspen - Website Assets/orange-partnership-programme.svg]
[www.aspengrovesolutions.com/hubfs/25276569/Aspen - Website Assets/line.svg]
[www.aspengrovesolutions.com/hubfs/hub_generated/template_assets/1/55946776765/1759332491410/template_main_NOV2022.min.css]
[www.aspengrovesolutions.com/generated_global_groups/57201506806.html]
[www.aspengrovesolutions.com/hubfs/25276569/Aspen - Website Assets/NOV2022/home-op-bg.svg]
[www.aspengrovesolutions.com/hubfs/hub_generated/module_assets/1/48078432241/1744334745602/module_AG_-_Progress_HeaderBar.min.css]
[www.aspengrovesolutions.com/hubfs/hub_generated/template_assets/1/47622175177/1744321543272/template_owl_carousel_min.min.css]
[www.aspengrovesolutions.com/hubfs/hub_generated/module_assets/1/48095343036/1744334748169/module_SVG_graph_image.min.css]
[www.aspengrovesolutions.com/hubfs/hub_generated/module_assets/1/57197764849/1744334769583/module_AG_-_Platform_Onboarding_Panel.min.css]
[cdnjs.cloudflare.com/ajax/libs/waypoints/4.0.1/jquery.waypoints.min.js]
[cdnjs.cloudflare.com/ajax/libs/jquery-one-page-nav/3.0.0/jquery.nav.min.js]
[www.aspengrovesolutions.com/hs-fs/hubfs/Aspen - Website Assets/NOV2022/Platform-hero27ca.jpg]
[hubspot-no-cache-eu1-prod.s3.amazonaws.com/cta/default/25276569/04b3fc5e-6095-4551-8103-aa500a5180a8.png]
[www.aspengrovesolutions.com/hubfs/Aspen - Website Assets/NOV2022/Borrower Engagement.png]
[www.aspengrovesolutions.com/hubfs/Aspen - Website Assets/NOV2022/Compliance _ Inspections.png]
[www.aspengrovesolutions.com/hubfs/Aspen - Website Assets/NOV2022/Collections.png]
[www.aspengrovesolutions.com/hubfs/Aspen - Website Assets/NOV2022/Loss Mitigation.png]
[www.aspengrovesolutions.com/hubfs/Aspen - Website Assets/NOV2022/Bankruptcy & foreclosure.png]
[www.aspengrovesolutions.com/hubfs/Aspen - Website Assets/NOV2022/Property Reg.png]
[www.aspengrovesolutions.com/hubfs/Aspen - Website Assets/NOV2022/Hazard & Claimes.png]
[www.aspengrovesolutions.com/hubfs/Aspen - Website Assets/NOV2022/Capital Repairs.png]
[www.aspengrovesolutions.com/hubfs/Aspen - Website Assets/NOV2022/REO.png]
[www.aspengrovesolutions.com/hubfs/Aspen - Website Assets/NOV2022/Dashboards.svg]
[www.aspengrovesolutions.com/hubfs/Aspen - Website Assets/NOV2022/Work-Queues.svg]
[www.aspengrovesolutions.com/hubfs/Aspen - Website Assets/NOV2022/database.svg]
[www.aspengrovesolutions.com/hubfs/Aspen - Website Assets/NOV2022/comment.svg]
[www.aspengrovesolutions.com/hubfs/Aspen - Website Assets/NOV2022/Agent-Vendor-Management.svg]
[www.aspengrovesolutions.com/hubfs/Aspen - Website Assets/NOV2022/send-backward.svg]
[www.aspengrovesolutions.com/hubfs/Aspen - Website Assets/NOV2022/Data-Validation.svg]
[www.aspengrovesolutions.com/hubfs/Aspen - Website Assets/NOV2022/Automated-Assignment.svg]
[www.aspengrovesolutions.com/hubfs/Aspen - Website Assets/NOV2022/Document-Management.svg]
[www.aspengrovesolutions.com/hubfs/Aspen - Website Assets/NOV2022/Auditing-Traceability.svg]
[www.aspengrovesolutions.com/hubfs/hub_generated/module_assets/1/48078432241/1744334745602/module_AG_-_Progress_HeaderBar.min.js]
[www.aspengrovesolutions.com/hubfs/hub_generated/template_assets/1/47622348485/1744321558943/template_bxslider_drag.min.js]
[www.aspengrovesolutions.com/asset-servicing-platform.html]
[www.aspengrovesolutions.com/hubfs/hub_generated/template_assets/1/47622348487/1744321559816/template_owl_carousel_min.min.js]
[www.aspengrovesolutions.com/hubfs/Aspen - Website Assets/Hero-customer.jpg]
[www.aspengrovesolutions.com/hubfs/Aspen - Website Assets/Get-in-sync-with-your-borrowers.jpg]
[www.aspengrovesolutions.com/hubfs/Aspen - Website Assets/digitized-experience.svg]
[hubspot-no-cache-eu1-prod.s3.amazonaws.com/cta/default/25276569/bfc441f4-6eff-49d2-93b4-fd3c7a138251.png]
[www.aspengrovesolutions.com/hubfs/Aspen - Website Assets/Plug-and-Play-widgets.svg]
[www.aspengrovesolutions.com/generated_global_groups/56915777015.html]
[www.aspengrovesolutions.com/www.squaredotc6eb.agency]
[www.aspengrovesolutions.com/generated_global_groups/48267871183.html]
[www.aspengrovesolutions.com/cookie-policy.html]
[www.aspengrovesolutions.com/borrower-engagement-platform.html]
[www.aspengrovesolutions.com/privacy-policy.html]
[cdnjs.cloudflare.com/ajax/libs/jquery/2.1.3/jquery.min.js]
[www.aspengrovesolutions.com/hubfs/Aspen - Website Assets/NOV2022/Integrations-hero-1.jpg]
[hubspot-no-cache-eu1-prod.s3.amazonaws.com/cta/default/25276569/e2f42112-a6f4-415a-8901-fe99a130ff7b.png]
[www.aspengrovesolutions.com/hubfs/MSP logo.svg]
[www.aspengrovesolutions.com/hubfs/loanserv-new.png]
[www.aspengrovesolutions.com/hubfs/Yardi logo.svg]
[www.aspengrovesolutions.com/hubfs/Loansp logo.svg]
[www.aspengrovesolutions.com/hubfs/Aspen - Website Assets/NOV2022/Sagent-social.svg]
[www.aspengrovesolutions.com/hubfs/LSAMS Logo.png]
[www.aspengrovesolutions.com/hubfs/InspectorADE Logo.png]
[www.aspengrovesolutions.com/hubfs/PropertyPres Logo.svg]
[www.aspengrovesolutions.com/hubfs/EZ inspections Logo.svg]
[www.aspengrovesolutions.com/hubfs/Pruvan Logo.svg]
[www.aspengrovesolutions.com/hubfs/NFR Logo.svg]
[www.aspengrovesolutions.com/hubfs/SAfeguard Logo.svg]
[www.aspengrovesolutions.com/hubfs/MCS Logo.svg]
[www.aspengrovesolutions.com/hs-fs/hubfs/Altisource-logo2e45.png]
[www.aspengrovesolutions.com/hubfs/Assurant logo.svg]
[www.aspengrovesolutions.com/hs-fs/hubfs/MM-mortgage016a.png]
[www.aspengrovesolutions.com/hubfs/fannie-mae.png]
[www.aspengrovesolutions.com/hubfs/ocwen.png]
[www.aspengrovesolutions.com/hs-fs/hubfs/mr-cooper1156.png]
[www.aspengrovesolutions.com/hubfs/roundpoint.png]
[www.aspengrovesolutions.com/hubfs/rms.png]
[www.aspengrovesolutions.com/hs-fs/hubfs/shellpointeb76.png]
[www.aspengrovesolutions.com/hubfs/Aspen - Website Assets/NOV2022/Monitoring.svg]
[www.aspengrovesolutions.com/hubfs/Aspen - Website Assets/NOV2022/Scalability.svg]
[www.aspengrovesolutions.com/hubfs/Aspen - Website Assets/NOV2022/Tech.svg]
[www.aspengrovesolutions.com/hubfs/Aspen - Website Assets/NOV2022/Performance.svg]
[www.aspengrovesolutions.com/hubfs/Aspen - Website Assets/NOV2022/Exception-management.svg]
[hubspot-no-cache-eu1-prod.s3.amazonaws.com/cta/default/25276569/ebc50ff5-7b91-450a-943b-e9b544dfd62e.png]
[hubspot-no-cache-eu1-prod.s3.amazonaws.com/cta/default/25276569/a817719f-c686-4051-bfb2-afd47a888852.png]
[hubspot-no-cache-eu1-prod.s3.amazonaws.com/cta/default/25276569/11b05896-4c92-4b7c-8bc3-7adfc8baabf9.png]
[hubspot-no-cache-eu1-prod.s3.amazonaws.com/cta/default/25276569/cbe642d4-25a2-4dfa-a4a4-92bc965da290.png]
[www.aspengrovesolutions.com/platform-and-system-integrations.html]
[www.aspengrovesolutions.com/hs-fs/hubfs/Information Security Compliance46e5.jpg]
[www.aspengrovesolutions.com/hs-fs/hubfs/Aspen - Website Assets/NOV2022/ISP-27001b251.png]
[www.aspengrovesolutions.com/hs-fs/hubfs/Aspen - Website Assets/NOV2022/PCI-DSScb17.png]
[www.aspengrovesolutions.com/hs-fs/hubfs/ISO 27001 - Grayscalea121.png]
[www.aspengrovesolutions.com/hs-fs/hubfs/PCI_DSS_Validated_dark2165.png]
[www.aspengrovesolutions.com/hubfs/Aspen - Website Assets/NOV2022/bitsight_dark.png]
[www.aspengrovesolutions.com/hubfs/Aspen - Website Assets/NOV2022/Security.svg]
[www.aspengrovesolutions.com/hubfs/Aspen - Website Assets/NOV2022/badge_privacy_shield.svg]
[www.aspengrovesolutions.com/hubfs/Aspen - Website Assets/NOV2022/badge_california-new.svg]
[www.aspengrovesolutions.com/hubfs/Aspen - Website Assets/NOV2022/badge_gdpr-new.svg]
[www.aspengrovesolutions.com/hubfs/badge_gdpr-new.svg]
[www.aspengrovesolutions.com/hubfs/badge_california-new.svg]
[www.aspengrovesolutions.com/hubfs/badge_privacy_shield-new.svg]
[www.aspengrovesolutions.com/hubfs/Image 2.svg]
[www.aspengrovesolutions.com/hubfs/Image 3.svg]
[www.aspengrovesolutions.com/hubfs/Image 4.svg]
[www.aspengrovesolutions.com/hubfs/Image 5.svg]
[www.aspengrovesolutions.com/hubfs/Image 106.svg]
[www.aspengrovesolutions.com/hs-fs/hubfs/Okta logo622d.png]
[hubspot-no-cache-eu1-prod.s3.amazonaws.com/cta/default/25276569/86302ce2-0901-4a40-b667-e5c964ee2a68.png]
[hubspot-no-cache-eu1-prod.s3.amazonaws.com/cta/default/25276569/82adbc97-f474-41ad-95ba-86f2b2b8c6bb.png]
[hubspot-no-cache-eu1-prod.s3.amazonaws.com/cta/default/25276569/71e6e804-d707-459a-8166-fbd5e6f29b39.png]
[hubspot-no-cache-eu1-prod.s3.amazonaws.com/cta/default/25276569/c0567eee-963b-400b-90b5-f5e80bd8be34.png]
[www.aspengrovesolutions.com/trust-and-security.html]
[www.aspengrovesolutions.com/hubfs/hub_generated/module_assets/1/48153923802/1744334749074/module_AG_-_Why_Aspen_logos.min.css]
[www.aspengrovesolutions.com/hubfs/why leaf.svg]
[www.aspengrovesolutions.com/hs-fs/hubfs/2023_04_28 ASPEN HEADSHOTS - Maeve & Dave5e1d.jpg]
[hubspot-no-cache-eu1-prod.s3.amazonaws.com/cta/default/25276569/8bc264b3-1022-4f0a-a153-123df9a4ada0.png]
[hubspot-no-cache-eu1-prod.s3.amazonaws.com/cta/default/25276569/25dd84b6-3ec4-4cf6-9644-8626241caf96.png]
[www.aspengrovesolutions.com/hubfs/Aspen Grove - Service Expertise update.jpg]
[www.aspengrovesolutions.com/hs-fs/hubfs/Manjit_Brid_PC3c123.jpg]
[hubspot-no-cache-eu1-prod.s3.amazonaws.com/cta/default/25276569/4c1bc1f6-7ea2-48c9-9bf8-2bb38b9dcaed.png]
[www.aspengrovesolutions.com/hubfs/Wells_Fargo-Logo.wine.svg]
[www.aspengrovesolutions.com/hubfs/homepoint-logo.svg]
[www.aspengrovesolutions.com/hubfs/us-bank- logo.svg]
[www.aspengrovesolutions.com/hubfs/TecgExcellancelogo.png]
[www.aspengrovesolutions.com/hs-fs/hubfs/Tech_100_logo_types_White-01 37849.png]
[www.aspengrovesolutions.com/hs-fs/hubfs/tech2024350e.png]
[www.aspengrovesolutions.com/hubfs/Aspen - Website Asssets/mrl ogo.png]
[www.aspengrovesolutions.com/why-aspen.html]
[www.aspengrovesolutions.com/hubfs/hub_generated/module_assets/1/48191723488/1744334749968/module_search_input_AG_for_case_studies.min.css]
[www.aspengrovesolutions.com/hs/hsstatic/BlogSocialSharingSupport/static-1.258/bundles/project.css]
[www.aspengrovesolutions.com/hubfs/hub_generated/module_assets/1/47622332350/1744334732434/module_AG_-_Flexible_Slider.min.css]
[www.aspengrovesolutions.com/client-success-stories/rss.xml]
[platform.linkedin.com/in.js]
[www.aspengrovesolutions.com/client-success-stories/tag/field-services.html]
[www.aspengrovesolutions.com/client-success-stories/loss-mitigation-with-homepoint.html]
[www.aspengrovesolutions.com/client-success-stories/tag/mortgage-servicers.html]
[www.aspengrovesolutions.com/hs-fs/hubfs/Aspen - Case Studies/AspenGrove-Homepoint0a6d.jpg]
[www.aspengrovesolutions.com/client-success-stories/inspect-and-validate-properties-at-scale.html]
[www.aspengrovesolutions.com/hs-fs/hubfs/Aspen - Case Studies/Aspen Grove property inspection5081.jpg]
[www.aspengrovesolutions.com/client-success-stories/an-agile-approach-to-collaboration.html]
[www.aspengrovesolutions.com/hs-fs/hubfs/Aspen Grove collaboration case study 2ac7b.jpg]
[www.aspengrovesolutions.com/hs-fs/hubfs/Guardian logo white newe6ab.png]
[www.aspengrovesolutions.com/client-success-stories/end-to-end-asset-management-with-gam.html]
[www.aspengrovesolutions.com/hs-fs/hubfs/AspenGrove-Guardian_Management_success storyaf33.jpg]
[hubspot-no-cache-eu1-prod.s3.amazonaws.com/cta/default/25276569/0817d14b-2fe2-418f-a41d-c9c83cec1f28.png]
[www.aspengrovesolutions.com/hs-fs/hubfs/logo_guardian_whitebd16.png]
[www.aspengrovesolutions.com/hubfs/hub_generated/template_assets/1/47622332137/1744321555945/template_bloglist.min.js]
[www.aspengrovesolutions.com/hubfs/hub_generated/template_assets/1/47622258388/1744321546187/template_lottie_min.min.js]
[www.aspengrovesolutions.com/hubfs/hub_generated/module_assets/1/48191723488/1744334749968/module_search_input_AG_for_case_studies.min.js]
[connect.facebook.net/en_GB/sdk.js]
[www.aspengrovesolutions.com/client-success-stories.html]
[platform.twitter.com/widgets.js]
[www.aspengrovesolutions.com/hubfs/hub_generated/module_assets/1/47622172129/1744334715259/module_Awards_Module.min.css]
[www.aspengrovesolutions.com/hubfs/hub_generated/module_assets/1/47622175190/1744334720790/module_Team_member.min.css]
[www.aspengrovesolutions.com/hubfs/hub_generated/module_assets/1/48736820451/1744334760672/module_AG_-_Partner_Program_Popup_New.min.css]
[cdnjs.cloudflare.com/ajax/libs/featherlight/1.7.13/featherlight.min.css]
[cdnjs.cloudflare.com/ajax/libs/bodymovin/5.7.11/lottie.min.js]
[cdnjs.cloudflare.com/ajax/libs/jquery/3.5.1/jquery.min.js]
[cdnjs.cloudflare.com/ajax/libs/featherlight/1.7.13/featherlight.min.js]
[www.aspengrovesolutions.com/hubfs/Maeve & Dave - ABout Us.jpg]
[hubspot-no-cache-eu1-prod.s3.amazonaws.com/cta/default/25276569/89e42a9b-e987-41e8-a63e-ac1adde8a952.png]
[www.aspengrovesolutions.com/hs-fs/hubfs/Boston-Aspen66f8.jpg]
[www.aspengrovesolutions.com/hs-fs/hubfs/Sean Ryan - CEOcbb0.jpg]
[www.aspengrovesolutions.com/hs-fs/hubfs/Dashboards Mockup - Mortgage Servicing Platforme220.jpg]
[www.aspengrovesolutions.com/hs-fs/hubfs/Aspen-teamcbb0.jpg]
[www.aspengrovesolutions.com/hs-fs/hubfs/Tech_100_logo_types_White-01 28f42.png]
[www.aspengrovesolutions.com/hubfs/Aspen - Website Assets (Nov 2022)/NOV2022/MReport.png]
[www.aspengrovesolutions.com/hs-fs/hubfs/Team_Sean_Ryanf843.png]
[www.aspengrovesolutions.com/hubfs/25276569/Aspen - Website Assets/li-in.svg]
[www.aspengrovesolutions.com/hubfs/25276569/Aspen - Website Assets/eml.svg]
[www.aspengrovesolutions.com/hs-fs/hubfs/Team_Mike_McAuliffecb7a.png]
[www.aspengrovesolutions.com/hs-fs/hubfs/Team_Patrick_Lynche169.png]
[www.aspengrovesolutions.com/hs-fs/hubfs/Team_Manjit_Gill6381.png]
[www.aspengrovesolutions.com/hs-fs/hubfs/Team_Ed_Oreganee78.png]
[www.aspengrovesolutions.com/hs-fs/hubfs/Team_Niamh_Hennessya7f7.png]
[www.aspengrovesolutions.com/hubfs/MAEVE SET UP 1.jpg]
[www.aspengrovesolutions.com/hs-fs/hubfs/Team_Brid_Daly7184.png]
[www.aspengrovesolutions.com/hs-fs/hubfs/Team_Mike_Kissane2fa4.png]
[www.aspengrovesolutions.com/hs-fs/hubfs/Team_Jacinta_Lucey54a0.png]
[www.aspengrovesolutions.com/hs-fs/hubfs/Team_David_Sheehy0795.png]
[www.aspengrovesolutions.com/hs-fs/hubfs/Headshot_DavidMcKennad515.jpg]
[www.aspengrovesolutions.com/hs-fs/hubfs/Partner Programf7e6.jpg]
[hubspot-no-cache-eu1-prod.s3.amazonaws.com/cta/default/25276569/6eda0fe6-bae9-4ae9-988c-22f8a470a41e.png]
[js-eu1.hsforms.net/forms/v2.js]
[www.aspengrovesolutions.com/hubfs/hub_generated/module_assets/1/47622175190/1744334720790/module_Team_member.min.js]
[www.aspengrovesolutions.com/about-us.html]
[www.aspengrovesolutions.com/hubfs/hub_generated/module_assets/1/48736820451/1744334760672/module_AG_-_Partner_Program_Popup_New.min.js]
[www.aspengrovesolutions.com/hubfs/hub_generated/module_assets/1/47622329308/1744334729568/module_AG_-_LHS_Careers_Button.min.css]
[www.aspengrovesolutions.com/hubfs/hub_generated/module_assets/1/47809989069/1744334738206/module_AG_-_Three_Column.min.css]
[www.aspengrovesolutions.com/hubfs/hub_generated/module_assets/1/47909827286/1744334741510/module_AG_-_Testimonial_Slider.min.css]
[www.aspengrovesolutions.com/hubfs/hub_generated/module_assets/1/47808482806/1744334736850/module_AG_-_Open_Jobs_Widget.min.css]
[www.aspengrovesolutions.com/hubfs/hub_generated/module_assets/1/47879193563/1744334739141/module_AG_-_Collage_Image-Video.min.css]
[www.aspengrovesolutions.com/hubfs/25276569/Aspen - Website Assets/aspen-open-role.svg]
[www.aspengrovesolutions.com/hs-fs/hubfs/Aspen Grove careers2c95f.jpg]
[www.aspengrovesolutions.com/hubfs/Maeve Townsend - Head of Coporate Affairs.jpg]
[www.aspengrovesolutions.com/job-opportunities/business-analyst.html]
[www.aspengrovesolutions.com/hubfs/MicrosoftTeams-image2.jpg]
[www.aspengrovesolutions.com/hs-fs/hubfs/Group_flowers2c421.jpg]
[www.aspengrovesolutions.com/hubfs/20191128_191707.jpg]
[www.aspengrovesolutions.com/hs-fs/hubfs/Aspen Team - Outdoors6ba2.jpg]
[www.aspengrovesolutions.com/hs-fs/hubfs/Optimal-Corporate-ED_Dec_Zach6ba2.jpg]
[www.aspengrovesolutions.com/hs-fs/hubfs/Aspen-party6ba2.jpg]
[www.aspengrovesolutions.com/hubfs/hub_generated/module_assets/1/47909827286/1744334741510/module_AG_-_Testimonial_Slider.min.js]
[www.aspengrovesolutions.com/careers.html]
[www.aspengrovesolutions.com/hubfs/hub_generated/module_assets/1/47808482806/1744334736850/module_AG_-_Open_Jobs_Widget.min.js]
[www.aspengrovesolutions.com/hubfs/hub_generated/module_assets/1/48337277928/1744334755694/module_AG_-_LHS_Subscribe_Button.min.css]
[www.aspengrovesolutions.com/hubfs/hub_generated/module_assets/1/48023284451/1744334742961/module_search_input_for_news.min.css]
[www.aspengrovesolutions.com/news-and-events/page/2.html]
[www.aspengrovesolutions.com/news-and-events/rss.xml]
[www.aspengrovesolutions.com/hubfs/25276569/Aspen - Website Assets/aspen-green-job.svg]
[www.aspengrovesolutions.com/hs-fs/hubfs/TT4681b.png]
[www.aspengrovesolutions.com/news-and-events/alex-verget-talks-modern-mortgage-servicing-with-housingwire.html]
[www.aspengrovesolutions.com/hs-fs/hubfs/HW Stillfa49.png]
[www.aspengrovesolutions.com/news-and-events/tag/event.html]
[www.aspengrovesolutions.com/news-and-events/aspen-grove-2025-hw-tech100-mortgage-winner-0-0.html]
[www.aspengrovesolutions.com/hs-fs/hubfs/Tech_100_logo_black-1ce5b.png]
[www.aspengrovesolutions.com/news-and-events/cmg-selects-aspen-groves-bpm-platform.html]
[www.aspengrovesolutions.com/hs-fs/hubfs/CMG Partnership Image-02fb2e.jpg]
[www.aspengrovesolutions.com/news-and-events/tag/press-release.html]
[www.aspengrovesolutions.com/news-and-events/aspen-grove-2024-hw-tech100-mortgage-winner-0.html]
[www.aspengrovesolutions.com/hs-fs/hubfs/T20242-1b6cf.png]
[www.aspengrovesolutions.com/news-and-events/aspen-grove-announce-cco.html]
[www.aspengrovesolutions.com/hs-fs/hubfs/Aspen Grove Website - Build Assets (Original)/Team_Ed_Oregan5b92.png]
[www.aspengrovesolutions.com/news-and-events/aspen-grove-announce-ceo.html]
[www.aspengrovesolutions.com/hs-fs/hubfs/20210709202411_IMG_6548 (002)ede7.jpg]
[www.aspengrovesolutions.com/news-and-events/business-leader-of-the-year.html]
[www.aspengrovesolutions.com/hs-fs/hubfs/Galabfec.jpg]
[www.aspengrovesolutions.com/news-and-events/aspen-grove-sponsor-kerry-camogie.html]
[www.aspengrovesolutions.com/hs-fs/hubfs/Camogieeb44.jpg]
[www.aspengrovesolutions.com/news-and-events/aspen-grove-2023-hw-tech100-mortgage-winner.html]
[www.aspengrovesolutions.com/hs-fs/hubfs/T10099e3.png]
[www.aspengrovesolutions.com/news-and-events/page/1.html]
[www.aspengrovesolutions.com/news-and-events/page/3.html]
[www.aspengrovesolutions.com/hubfs/hub_generated/module_assets/1/48337277928/1744334755694/module_AG_-_LHS_Subscribe_Button.min.js]
[www.aspengrovesolutions.com/news-and-events.html]
[www.aspengrovesolutions.com/hubfs/hub_generated/module_assets/1/48023284451/1744334742961/module_search_input_for_news.min.js]
[www.aspengrovesolutions.com/hubfs/Aspen - Website Assets (Nov 2022)/aspen-sustainability-leaf.svg]
[www.aspengrovesolutions.com/hubfs/Aspen - Website Assets (Nov 2022)/sustainability-promise.jpg]
[www.aspengrovesolutions.com/hubfs/Aspen - Website Assets (Nov 2022)/sustainability-pillars.jpg]
[www.aspengrovesolutions.com/hubfs/Aspen - Website Assets (Nov 2022)/CDP-badge.png]
[www.aspengrovesolutions.com/hubfs/B-Corp-Logo-Black-RGB-404x680-54dfc84f-c2fc-4b87-acdd-14439701e4b3.png]
[www.aspengrovesolutions.com/hubfs/Aspen - Website Assets (Nov 2022)/EcoVadis_Bronze_2024.png]
[www.aspengrovesolutions.com/hubfs/Aspen Grove - Sustainability/b-corporation-impact-report-grey-small.jpg]
[hubspot-no-cache-eu1-prod.s3.amazonaws.com/cta/default/25276569/f929b830-f561-4d2f-ac17-984461a058cc.png]
[www.aspengrovesolutions.com/our-sustainability-promise.html]
[www.aspengrovesolutions.com/hubfs/hub_generated/module_assets/1/47740386040/1744334734649/module_search_input_for_insights.min.css]
[www.aspengrovesolutions.com/insights-and-resources/page/2.html]
[www.aspengrovesolutions.com/insights-and-resources/rss.xml]
[www.aspengrovesolutions.com/hs-fs/hubfs/Aspen Grove - Sustainability/b-corporation-impact-report-grey2a15.jpg]
[www.aspengrovesolutions.com/hs-fs/hubfs/iStock-1147350187-1ec0e.jpg]
[www.aspengrovesolutions.com/insights-and-resources/taking-the-stress-out-of-loss-mitigation.html]
[www.aspengrovesolutions.com/hs-fs/hubfs/iStock-1408032390e8c5.jpg]
[www.aspengrovesolutions.com/insights-and-resources/hw-report.html]
[www.aspengrovesolutions.com/hs-fs/hubfs/HWFeb 2023-02-02 112756-179c8.png]
[www.aspengrovesolutions.com/insights-and-resources/tag/news.html]
[www.aspengrovesolutions.com/insights-and-resources/collections.html]
[www.aspengrovesolutions.com/hs-fs/hubfs/Collections-Aspen-min43af.jpg]
[www.aspengrovesolutions.com/insights-and-resources/ds-news-celebrates-25-years-of-aspen-grove-solutions.html]
[www.aspengrovesolutions.com/hs-fs/hubfs/Aspen Cover Story July DS News-min15c6.jpg]
[www.aspengrovesolutions.com/insights-and-resources/tag/publication.html]
[www.aspengrovesolutions.com/insights-and-resources/the-superhuman-servicer.html]
[www.aspengrovesolutions.com/hs-fs/hubfs/Superhuman Servicera7cd.jpg]
[www.aspengrovesolutions.com/insights-and-resources/accessibility.html]
[www.aspengrovesolutions.com/hs-fs/hubfs/iStock-511721606-mind505.jpg]
[www.aspengrovesolutions.com/insights-and-resources/restarting-the-servicing-engine/index.html]
[www.aspengrovesolutions.com/hs-fs/hubfs/Restarting the servicing engine - update1865.png]
[www.aspengrovesolutions.com/insights-and-resources/tag/webinar.html]
[www.aspengrovesolutions.com/insights-and-resources/do-you-know-where-your-advances-are.html]
[www.aspengrovesolutions.com/hs-fs/hubfs/535x500_062ba9.jpg]
[www.aspengrovesolutions.com/insights-and-resources/page/1.html]
[www.aspengrovesolutions.com/insights-and-resources.html]
[www.aspengrovesolutions.com/hubfs/hub_generated/module_assets/1/47740386040/1744334734649/module_search_input_for_insights.min.js]
[www.aspengrovesolutions.com/hubfs/hub_generated/module_assets/1/47622172133/1744334716436/module_AG_-_Our_Offices_Locations.min.css]
[hubspot-no-cache-eu1-prod.s3.amazonaws.com/cta/default/25276569/58d93a59-4603-4809-bf4e-18b42d9a4f4c.png]
[www.aspengrovesolutions.com/hubfs/Aspen_files/au-tr-right2.svg]
[hubspot-no-cache-eu1-prod.s3.amazonaws.com/cta/default/25276569/86f0154e-bd29-4f20-b75c-96fccf86d245.png]
[www.aspengrovesolutions.com/hubfs/Aspen_files/au-tr-left2.svg]
[www.aspengrovesolutions.com/contact-us.html]
[www.aspengrovesolutions.com/indexc6eb.html]
[www.aspengrovesolutions.com/hubfs/Aspen - Website Assets/NOV2022/easily-scale.svg]
[www.aspengrovesolutions.com/hubfs/Aspen - Website Assets/NOV2022/manage-compliance.svg]
[www.aspengrovesolutions.com/hubfs/Aspen - Website Assets/NOV2022/seamlessly-intergrate.svg]
[www.aspengrovesolutions.com/hubfs/Aspen - Website Assets/NOV2022/save-millions.svg]
[www.aspengrovesolutions.com/hubfs/Aspen - Website Assets/NOV2022/engage2.svg]
[www.aspengrovesolutions.com/generated_global_groups/47622332366.html]
[www.aspengrovesolutions.com/hubfs/Wells-Fargo-Logo.svg]
[www.aspengrovesolutions.com/hubfs/Aspen - Case Studies/cmg-logo.svg]
[www.aspengrovesolutions.com/hubfs/US-Bank-logo.svg]
[www.aspengrovesolutions.com/hubfs/brookstone management logo.svg]
[www.aspengrovesolutions.com/hubfs/Aspen_files/login-sec-bg.svg]
[www.aspengrovesolutions.com/hubfs/hub_generated/module_assets/1/47622175187/1744334718618/module_AG_-_LHS_Share_Button.min.css]
[www.aspengrovesolutions.com/hubfs/hub_generated/module_assets/1/47622175188/1744334719851/module_Blog_Tags_Showing.min.css]
[www.aspengrovesolutions.com/news-and-events/generated_global_groups/57201506806.html]
[www.aspengrovesolutions.com/hubfs/TT4.png]
[hubspot-no-cache-eu1-prod.s3.amazonaws.com/cta/default/25276569/1ba90162-1c05-432a-9a73-65b2b113a672.png]
[www.aspengrovesolutions.com/hs-fs/hubfs/Aspen Grove - Sustainability/b-corporation-impact-report-greya35d.jpg]
[www.aspengrovesolutions.com/news-and-events/tag/article.html]
[www.aspengrovesolutions.com/news-and-events/tag/white-paper.html]
[www.aspengrovesolutions.com/news-and-events/generated_global_groups/47622175208.html]
[www.aspengrovesolutions.com/hubfs/hub_generated/template_assets/1/47622175178/1744321543663/template_blogpost.min.js]
[www.aspengrovesolutions.com/news-and-events/aspen-grove-news-2025hw-tech-trendsetter-winner.html]
[www.aspengrovesolutions.com/hubfs/hub_generated/module_assets/1/47622175187/1744334718618/module_AG_-_LHS_Share_Button.min.js]
[www.aspengrovesolutions.com/news-and-events/tag/news/page/2.html]
[7052064.fs1.hubspotusercontent-na1.net/hubfs/7052064/hub_generated/template_assets/DEFAULT_ASSET/1767118704405/template_layout.min.css]
[www.aspengrovesolutions.com/news-and-events/tag/generated_global_groups/57201506806.html]
[www.aspengrovesolutions.com/news-and-events/sean-ryan-winner-of-hw-2022-vanguard-award.html]
[www.aspengrovesolutions.com/hs-fs/hubfs/Vanguard winner5214.png]
[www.aspengrovesolutions.com/news-and-events/ds-news-celebrates-25-years-of-aspen-grove-solutions.html]
[www.aspengrovesolutions.com/hs-fs/hubfs/Aspen Cover Story July DS News61a6.jpg]
[www.aspengrovesolutions.com/news-and-events/staying-ahead-of-the-threat/-0.html]
[www.aspengrovesolutions.com/hs-fs/hubfs/Aspen - Imported Blog Media/Group 142824e6.png]
[www.aspengrovesolutions.com/news-and-events/aspen-grove-solutions-a-2021-hw-tech100-mortgage-winner/index.html]
[www.aspengrovesolutions.com/hs-fs/hubfs/winner-1a5bf.png]
[www.aspengrovesolutions.com/news-and-events/tag/news/page/1.html]
[www.aspengrovesolutions.com/news-and-events/tag/generated_global_groups/47622175208.html]
[www.aspengrovesolutions.com/news-and-events/tag/news.html]
[www.aspengrovesolutions.com/hubfs/hub_generated/module_assets/1/48307705567/1744334754892/module_Blog_Tags_Showing_3_posts.min.css]
[www.aspengrovesolutions.com/insights-and-resources/generated_global_groups/57201506806.html]
[www.aspengrovesolutions.com/hubfs/Aspen Grove - Sustainability/b-corporation-impact-report-grey.jpg]
[www.aspengrovesolutions.com/hs-fs/hubfs/Aspen Grove - Sustainability/b-corporation-impact-report-grey5799.jpg]
[www.aspengrovesolutions.com/hs-fs/hubfs/iStock-1147350187-1e48b.jpg]
[www.aspengrovesolutions.com/hs-fs/hubfs/iStock-14080323905bed.jpg]
[www.aspengrovesolutions.com/hs-fs/hubfs/HWFeb 2023-02-02 112756-10ede.png]
[www.aspengrovesolutions.com/insights-and-resources/generated_global_groups/47622175208.html]
[www.aspengrovesolutions.com/insights-and-resources/aspen-grove-insights-impact-report.html]
[www.aspengrovesolutions.com/insights-and-resources/tag/generated_global_groups/57201506806.html]
[www.aspengrovesolutions.com/insights-and-resources/a-dam-ready-to-burst.html]
[www.aspengrovesolutions.com/hs-fs/hubfs/535x500_073ae5.jpg]
[www.aspengrovesolutions.com/insights-and-resources/digital-engagement-vs-death-by-a-thousand-cuts.html]
[www.aspengrovesolutions.com/hs-fs/hubfs/digital engagement4110.jpg]
[www.aspengrovesolutions.com/insights-and-resources/the-case-for-blockchain-in-mortgage-servicing.html]
[www.aspengrovesolutions.com/hs-fs/hubfs/block chainee94.jpg]
[www.aspengrovesolutions.com/insights-and-resources/artificial-intelligence-in-default-servicing.html]
[www.aspengrovesolutions.com/hs-fs/hubfs/Dashboards Mockup - Aspen Grove Platform-111ae.jpg]
[www.aspengrovesolutions.com/insights-and-resources/tag/generated_global_groups/47622175208.html]
[www.aspengrovesolutions.com/insights-and-resources/tag/article.html]
[www.aspengrovesolutions.com/insights-and-resources/digital-borrower-engagement-a-critical-tool.html]
[www.aspengrovesolutions.com/hs-fs/hubfs/535x500_02b0ec.jpg]
[www.aspengrovesolutions.com/insights-and-resources/forbearance-in-the-cares-act/index.html]
[www.aspengrovesolutions.com/hs-fs/hubfs/forbearance module launche804.jpg]
[www.aspengrovesolutions.com/insights-and-resources/creating-positive-forbearance-outcomes-from-covid-19.html]
[www.aspengrovesolutions.com/hs-fs/hubfs/535x500_015c9c.jpg]
[www.aspengrovesolutions.com/insights-and-resources/tag/white-paper.html]
[www.aspengrovesolutions.com/hubfs/iStock-1147350187-1.jpg]
[hubspot-no-cache-eu1-prod.s3.amazonaws.com/cta/default/25276569/7579effd-cf1f-4f02-aa13-b1868ddb2a4a.png]
[www.aspengrovesolutions.com/insights-and-resources/improving-accessibility-0.html]
[www.aspengrovesolutions.com/generated_global_groups/47622175208.html]
[www.aspengrovesolutions.com/hubfs/aspen-logo.svg]
[www.aspengrovesolutions.com/hubfs/25276569/Aspen - Website Assets/menu-before.svg]
[www.aspengrovesolutions.com/hubfs/25276569/Aspen - Website Assets/menu-after.svg]
[www.aspengrovesolutions.com/hubfs/25276569/Aspen - Website Assets/submenu-back.svg]
[www.aspengrovesolutions.com/hubfs/hub_generated/template_assets/1/47622332134/1744321554638/images/controls.html]
[p.typekit.net/pbc3b.css]
[www.aspengrovesolutions.com/hubfs/25276569/Aspen - Website Asssets/right arrow  hovered.svg]
[www.aspengrovesolutions.com/hubfs/25276569/Aspen - Website Asssets/btn-right-arrow-after.svg]
[www.aspengrovesolutions.com/hubfs/25276569/Aspen - Website Asssets/orange-btn arr hovered.svg]
[www.aspengrovesolutions.com/hubfs/25276569/Aspen - Website Asssets/orange-btn small arr.svg]
[www.aspengrovesolutions.com/hubfs/25276569/Aspen_files/checkbox-bg.svg]
[www.aspengrovesolutions.com/hubfs/25276569/Aspen_files/chechbox-toggle.svg]
[www.aspengrovesolutions.com/hubfs/25276569/Aspen_files/right arrow  hovered.svg]
[www.aspengrovesolutions.com/hubfs/25276569/Aspen_files/btn-right-arrow-after.svg]
[www.aspengrovesolutions.com/hubfs/25276569/Aspen - Website Asssets/menu-arr.svg]
[www.aspengrovesolutions.com/hubfs/25276569/Aspen - Website Assets/menu-arr (1).svg]
[www.aspengrovesolutions.com/hubfs/25276569/Aspen - Website Asssets/footer-Union.svg]
[www.aspengrovesolutions.com/hubfs/25276569/Aspen - Website Assets/postheader-graphic.svg]
[www.aspengrovesolutions.com/hubfs/25276569/Aspen - Website Asssets/blog-back-tr.svg]
[www.aspengrovesolutions.com/hubfs/25276569/downl-before.svg]
[www.aspengrovesolutions.com/hubfs/25276569/Aspen - Website Assets/download-after-1.svg]
[www.aspengrovesolutions.com/hubfs/25276569/Aspen - Website Assets/dounload-before.svg]
[www.aspengrovesolutions.com/hubfs/25276569/Aspen - Website Assets/Group 73.png]
[www.aspengrovesolutions.com/hubfs/25276569/Aspen - Website Assets/downloadmask.svg]
[www.aspengrovesolutions.com/hubfs/25276569/Aspen - Website Asssets/re-tag-filter-after.svg]
[www.aspengrovesolutions.com/hubfs/25276569/Aspen - Website Asssets/icon_zoom.svg]
[www.aspengrovesolutions.com/hubfs/25276569/Aspen - Website Asssets/or-btn-big.svg]
[www.aspengrovesolutions.com/hubfs/25276569/Aspen - Website Asssets/or-btn-small.svg]
[www.aspengrovesolutions.com/hubfs/25276569/Aspen - Website Assets/home-line.svg]
[www.aspengrovesolutions.com/hubfs/25276569/Aspen - Website Asssets/scroll-group-panel4.svg]
[www.aspengrovesolutions.com/hubfs/25276569/Aspen - Website Asssets/home-after.svg]
[www.aspengrovesolutions.com/hubfs/25276569/Aspen_files/home-before.svg]
[www.aspengrovesolutions.com/hubfs/25276569/Aspen - Website Asssets/outc-after.svg]
[www.aspengrovesolutions.com/hubfs/25276569/Aspen - Website Assets/li-before-1.svg]
[www.aspengrovesolutions.com/hubfs/25276569/Aspen - Website Assets/resources-line.svg]
[www.aspengrovesolutions.com/hubfs/25276569/Aspen - Website Asssets/res-before.svg]
[www.aspengrovesolutions.com/hubfs/25276569/Aspen - Website Asssets/logos-after.svg]
[www.aspengrovesolutions.com/hubfs/25276569/Aspen_files/platform-op.svg]
[www.aspengrovesolutions.com/hubfs/25276569/Aspen - Website Asssets/platform sli bg.svg]
[www.aspengrovesolutions.com/hubfs/25276569/Aspen - Website Asssets/orange-btn-hovered.svg]
[www.aspengrovesolutions.com/hubfs/25276569/Aspen - Website Asssets/arr-grey-pl.svg]
[www.aspengrovesolutions.com/hubfs/25276569/Aspen - Website Assets/search-back.svg]
[www.aspengrovesolutions.com/hubfs/25276569/Aspen - Website Assets/search-line.svg]
[www.aspengrovesolutions.com/hubfs/25276569/Aspen - Website Assets/line-404-hero.svg]
[www.aspengrovesolutions.com/hubfs/25276569/Aspen_files/res-after.svg]
[www.aspengrovesolutions.com/hubfs/25276569/Aspen - Website Assets/news-after.svg]
[www.aspengrovesolutions.com/hubfs/25276569/Aspen - Website Assets/news-before.svg]
[www.aspengrovesolutions.com/hubfs/25276569/Aspen - Website Assets/news-back.svg]
[www.aspengrovesolutions.com/hubfs/25276569/Aspen - Website Assets/op-res-before.svg]
[www.aspengrovesolutions.com/hubfs/25276569/Aspen - Website Assets/blog-res-back.svg]
[www.aspengrovesolutions.com/hubfs/25276569/Aspen_files/testim-line-bg.svg]
[www.aspengrovesolutions.com/hubfs/25276569/Aspen_files/case-study-op-line-1.svg]
[www.aspengrovesolutions.com/hubfs/25276569/Aspen_files/case-study-op.svg]
[www.aspengrovesolutions.com/hubfs/25276569/Aspen - Website Assets/icon-list.svg]
[www.aspengrovesolutions.com/hubfs/25276569/Aspen_files/quote-bg-line.svg]
[www.aspengrovesolutions.com/hubfs/25276569/Aspen_files/mask2.svg]
[www.aspengrovesolutions.com/hubfs/25276569/Aspen_files/css-bg.svg]
[www.aspengrovesolutions.com/hubfs/25276569/Aspen_files/css-line-op.svg]
[www.aspengrovesolutions.com/hubfs/25276569/Aspen - Website Assets/about-after.svg]
[www.aspengrovesolutions.com/hubfs/25276569/Aspen - Website Assets/about-opening-before.svg]
[www.aspengrovesolutions.com/hubfs/25276569/Aspen - Website Assets/inf-line.svg]
[www.aspengrovesolutions.com/hubfs/25276569/Aspen - Website Assets/ind-before.svg]
[www.aspengrovesolutions.com/hubfs/25276569/Aspen - Website Assets/leadership-after.svg]
[www.aspengrovesolutions.com/hubfs/25276569/Aspen - Website Assets/story-after.svg]
[www.aspengrovesolutions.com/hubfs/25276569/Aspen - Website Asssets/why op bg.svg]
[www.aspengrovesolutions.com/hubfs/25276569/Aspen - Website Asssets/why col1bg.svg]
[www.aspengrovesolutions.com/hubfs/25276569/Aspen - Website Asssets/why col2bg.svg]
[www.aspengrovesolutions.com/hubfs/25276569/Aspen - Website Asssets/expertise mask.svg]
[www.aspengrovesolutions.com/hubfs/25276569/Aspen - Website Asssets/exp mask 2col.svg]
[www.aspengrovesolutions.com/hubfs/25276569/Aspen - Website Asssets/Industry recognition redline.svg]
[www.aspengrovesolutions.com/hubfs/25276569/Aspen - Website Assets/exp-input-bg.svg]
[www.aspengrovesolutions.com/hubfs/25276569/Aspen - Website Assets/slider-culturte bg.svg]
[www.aspengrovesolutions.com/hubfs/25276569/contact-op.svg]
[www.aspengrovesolutions.com/hubfs/25276569/Aspen_files/16-01.svg]
[www.aspengrovesolutions.com/hubfs/25276569/Aspen_files/right-green-arrow.svg]
[www.aspengrovesolutions.com/hubfs/25276569/Aspen_files/industry-leaders-bg.svg]
[www.aspengrovesolutions.com/hubfs/25276569/Aspen_files/check-green.svg]
[www.aspengrovesolutions.com/hubfs/25276569/Aspen_files/button-green-str.svg]
[www.aspengrovesolutions.com/hubfs/25276569/Aspen_files/button-transparent-str-1.svg]
[www.aspengrovesolutions.com/hubfs/25276569/Aspen - Website Assets/orange-form-btn.svg]
[www.aspengrovesolutions.com/hubfs/25276569/Aspen - Website Assets/button-green-dark.svg]
[www.aspengrovesolutions.com/hubfs/25276569/Aspen - Website Asssets/btn-orange-dark.svg]
[www.aspengrovesolutions.com/hubfs/25276569/Aspen - Website Asssets/button-shapes.svg]
[www.aspengrovesolutions.com/hubfs/25276569/Aspen - Website Asssets/Line-careers.svg]
[www.aspengrovesolutions.com/hubfs/25276569/Aspen - Website Asssets/careers-patch-left.svg]
[www.aspengrovesolutions.com/hubfs/25276569/Aspen - Website Asssets/Path-careers-right.svg]
[www.aspengrovesolutions.com/hubfs/25276569/Aspen - Website Asssets/Line-position.svg]
[www.aspengrovesolutions.com/hubfs/5095261/Auxilion_Theme/partners-dots.html]
[www.aspengrovesolutions.com/hubfs/5095261/Auxilion_Theme/partner-dots-bg.html]
[www.aspengrovesolutions.com/hubfs/5095261/Auxilion_Theme/dots-1.html]
[www.aspengrovesolutions.com/hubfs/5095261/Auxilion_Theme/list-bullet orange.html]
[www.aspengrovesolutions.com/hubfs/5095261/Auxilion_Theme/arrow right.html]
[www.aspengrovesolutions.com/hubfs/5095261/Auxilion_Theme/arrow-r-dark-hover.html]
[www.aspengrovesolutions.com/hubfs/5095261/Auxilion_Theme/difference dots.html]
[www.aspengrovesolutions.com/hubfs/5095261/Auxilion_Theme/graduate dots-1.html]
[www.aspengrovesolutions.com/hubfs/25276569/Aspen - Website Asssets/line-modules.svg]
[www.aspengrovesolutions.com/hubfs/25276569/Aspen - Website Asssets/Aspen-modules-hero.svg]
[www.aspengrovesolutions.com/hubfs/25276569/Aspen - Website Asssets/button-green.svg]
[www.aspengrovesolutions.com/hubfs/25276569/Aspen - Website Asssets/right-green-arrow.svg]
[www.aspengrovesolutions.com/hubfs/25276569/Aspen - Website Assets/aspen-way-grey.svg]
[www.aspengrovesolutions.com/hubfs/25276569/Aspen - Website Assets/Line-explore-grey.svg]
[www.aspengrovesolutions.com/hubfs/25276569/Aspen - Website Asssets/btn-green-small.svg]
[www.aspengrovesolutions.com/hubfs/25276569/Aspen - Website Asssets/Line-explore-orange.svg]
[www.aspengrovesolutions.com/hubfs/25276569/Aspen - Website Assets/list-icon-black.svg]
[www.aspengrovesolutions.com/hubfs/25276569/partnership-programme-gray.svg]
[www.aspengrovesolutions.com/hubfs/25276569/Aspen - Website Assets/orange-partnership-programme.svg]
[www.aspengrovesolutions.com/hubfs/25276569/Aspen - Website Assets/line.svg]
[www.aspengrovesolutions.com/hubfs/25276569/Aspen - Website Assets/NOV2022/home-op-bg.svg]
[www.aspengrovesolutions.com/hubfs/hub_generated/module_assets/1/48078432241/1744334745602/module_AG_-_Progress_HeaderBar.min.css]
[www.aspengrovesolutions.com/hubfs/hub_generated/template_assets/1/47622175177/1744321543272/owl.video.play.png]
[www.aspengrovesolutions.com/hubfs/hub_generated/template_assets/1/47622175177/1744321543272/template_owl_carousel_min.min.css]
[www.aspengrovesolutions.com/hubfs/hub_generated/module_assets/1/48095343036/1744334748169/module_SVG_graph_image.min.css]
[www.aspengrovesolutions.com/hubfs/hub_generated/module_assets/1/57197764849/1744334769583/module_AG_-_Platform_Onboarding_Panel.min.css]
[www.aspengrovesolutions.com/hubfs/Aspen - Website Assets/NOV2022/Dashboards.svg]
[www.aspengrovesolutions.com/hubfs/Aspen - Website Assets/NOV2022/Work-Queues.svg]
[www.aspengrovesolutions.com/hubfs/Aspen - Website Assets/NOV2022/database.svg]
[www.aspengrovesolutions.com/hubfs/Aspen - Website Assets/NOV2022/comment.svg]
[www.aspengrovesolutions.com/hubfs/Aspen - Website Assets/NOV2022/Agent-Vendor-Management.svg]
[www.aspengrovesolutions.com/hubfs/Aspen - Website Assets/NOV2022/send-backward.svg]
[www.aspengrovesolutions.com/hubfs/Aspen - Website Assets/NOV2022/Data-Validation.svg]
[www.aspengrovesolutions.com/hubfs/Aspen - Website Assets/NOV2022/Automated-Assignment.svg]
[www.aspengrovesolutions.com/hubfs/Aspen - Website Assets/NOV2022/Document-Management.svg]
[www.aspengrovesolutions.com/hubfs/Aspen - Website Assets/NOV2022/Auditing-Traceability.svg]
[www.aspengrovesolutions.com/hubfs/Aspen - Website Assets/digitized-experience.svg]
[www.aspengrovesolutions.com/hubfs/Aspen - Website Assets/Plug-and-Play-widgets.svg]
[www.aspengrovesolutions.com/generated_global_groups/56915777015.html]
[www.aspengrovesolutions.com/www.squaredotc6eb.html]
[www.aspengrovesolutions.com/generated_global_groups/48267871183.html]
[www.aspengrovesolutions.com/cookie-policy.html]
[www.aspengrovesolutions.com/privacy-policy.html]
[www.aspengrovesolutions.com/hubfs/MSP logo.svg]
[www.aspengrovesolutions.com/hubfs/Yardi logo.svg]
[www.aspengrovesolutions.com/hubfs/Loansp logo.svg]
[www.aspengrovesolutions.com/hubfs/Aspen - Website Assets/NOV2022/Sagent-social.svg]
[www.aspengrovesolutions.com/hubfs/PropertyPres Logo.svg]
[www.aspengrovesolutions.com/hubfs/EZ inspections Logo.svg]
[www.aspengrovesolutions.com/hubfs/Pruvan Logo.svg]
[www.aspengrovesolutions.com/hubfs/NFR Logo.svg]
[www.aspengrovesolutions.com/hubfs/SAfeguard Logo.svg]
[www.aspengrovesolutions.com/hubfs/MCS Logo.svg]
[www.aspengrovesolutions.com/hubfs/Assurant logo.svg]
[www.aspengrovesolutions.com/hubfs/Aspen - Website Assets/NOV2022/Monitoring.svg]
[www.aspengrovesolutions.com/hubfs/Aspen - Website Assets/NOV2022/Scalability.svg]
[www.aspengrovesolutions.com/hubfs/Aspen - Website Assets/NOV2022/Tech.svg]
[www.aspengrovesolutions.com/hubfs/Aspen - Website Assets/NOV2022/Performance.svg]
[www.aspengrovesolutions.com/hubfs/Aspen - Website Assets/NOV2022/Exception-management.svg]
[www.aspengrovesolutions.com/hubfs/Aspen - Website Assets/NOV2022/Security.svg]
[www.aspengrovesolutions.com/hubfs/Aspen - Website Assets/NOV2022/badge_privacy_shield.svg]
[www.aspengrovesolutions.com/hubfs/Aspen - Website Assets/NOV2022/badge_california-new.svg]
[www.aspengrovesolutions.com/hubfs/Aspen - Website Assets/NOV2022/badge_gdpr-new.svg]
[www.aspengrovesolutions.com/hubfs/badge_gdpr-new.svg]
[www.aspengrovesolutions.com/hubfs/badge_california-new.svg]
[www.aspengrovesolutions.com/hubfs/badge_privacy_shield-new.svg]
[www.aspengrovesolutions.com/hubfs/Image 2.svg]
[www.aspengrovesolutions.com/hubfs/Image 3.svg]
[www.aspengrovesolutions.com/hubfs/Image 4.svg]
[www.aspengrovesolutions.com/hubfs/Image 5.svg]
[www.aspengrovesolutions.com/hubfs/Image 106.svg]
[www.aspengrovesolutions.com/hubfs/hub_generated/module_assets/1/48153923802/1744334749074/module_AG_-_Why_Aspen_logos.min.css]
[www.aspengrovesolutions.com/hubfs/why leaf.svg]
[www.aspengrovesolutions.com/hubfs/Wells_Fargo-Logo.wine.svg]
[www.aspengrovesolutions.com/hubfs/homepoint-logo.svg]
[www.aspengrovesolutions.com/hubfs/us-bank- logo.svg]
[www.aspengrovesolutions.com/hubfs/hub_generated/module_assets/1/48191723488/1744334749968/module_search_input_AG_for_case_studies.min.css]
[www.aspengrovesolutions.com/hs/hsstatic/BlogSocialSharingSupport/static-1.258/bundles/project.css]
[www.aspengrovesolutions.com/hubfs/hub_generated/module_assets/1/47622332350/1744334732434/module_AG_-_Flexible_Slider.min.css]
[www.aspengrovesolutions.com/client-success-stories/tag/mortgage-servicers.html]
[www.aspengrovesolutions.com/client-success-stories/tag/field-services.html]
[www.aspengrovesolutions.com/hubfs/hub_generated/module_assets/1/47622175193/1744334723264/module_AG_-_Image_or_Video.min.css]
[www.aspengrovesolutions.com/hubfs/hub_generated/module_assets/1/47622175199/1744334725189/module_Next_case_study_post.min.css]
[www.aspengrovesolutions.com/client-success-stories/generated_global_groups/57201506806.html]
[www.aspengrovesolutions.com/hs-fs/hubfs/Aspen - Case Studies/AspenGrove-Homepointf964.jpg]
[www.aspengrovesolutions.com/hubfs/Partnership-programme.svg]
[www.aspengrovesolutions.com/client-success-stories/generated_global_groups/47622175208.html]
[www.aspengrovesolutions.com/client-success-stories/loss-mitigation-with-homepoint.html]
[www.aspengrovesolutions.com/hubfs/hub_generated/template_assets/1/47622175180/1744321544400/template_jquery_vide.min.js]
[www.aspengrovesolutions.com/hs-fs/hubfs/Aspen - Case Studies/Aspen Grove property inspectionf8c1.jpg]
[www.aspengrovesolutions.com/hubfs/Partner Program.jpg]
[www.aspengrovesolutions.com/client-success-stories/inspect-and-validate-properties-at-scale.html]
[www.aspengrovesolutions.com/hs-fs/hubfs/Aspen Grove collaboration case study 206e1.jpg]
[www.aspengrovesolutions.com/hubfs/Aspen - Case Studies/Aspen Grove collaboration case study.jpg]
[www.aspengrovesolutions.com/hubfs/Guardian logo white new.png]
[www.aspengrovesolutions.com/client-success-stories/an-agile-approach-to-collaboration.html]
[www.aspengrovesolutions.com/hs-fs/hubfs/Guardian logo colourbc1f.png]
[www.aspengrovesolutions.com/hs-fs/hubfs/AspenGrove-Guardian_Management_success storyed0c.jpg]
[www.aspengrovesolutions.com/hubfs/Aspen - Case Studies/AspenGrove-Guardian_Management_case study.png]
[www.aspengrovesolutions.com/hubfs/Aspen - Case Studies/case-study-quote-gam.png]
[www.aspengrovesolutions.com/client-success-stories/end-to-end-asset-management-with-gam.html]
[connect.facebook.net/en_GB/sdk.js]
[www.aspengrovesolutions.com/hubfs/hub_generated/module_assets/1/47622172129/1744334715259/module_Awards_Module.min.css]
[www.aspengrovesolutions.com/hubfs/hub_generated/module_assets/1/47622175190/1744334720790/module_Team_member.min.css]
[www.aspengrovesolutions.com/hubfs/hub_generated/module_assets/1/48736820451/1744334760672/module_AG_-_Partner_Program_Popup_New.min.css]
[cdnjs.cloudflare.com/ajax/libs/featherlight/1.7.13/featherlight.min.css]
[www.aspengrovesolutions.com/hubfs/25276569/Aspen - Website Assets/li-in.svg]
[www.aspengrovesolutions.com/hubfs/25276569/Aspen - Website Assets/eml.svg]
[www.aspengrovesolutions.com/hubfs/hub_generated/module_assets/1/47622329308/1744334729568/module_AG_-_LHS_Careers_Button.min.css]
[www.aspengrovesolutions.com/hubfs/hub_generated/module_assets/1/47809989069/1744334738206/module_AG_-_Three_Column.min.css]
[www.aspengrovesolutions.com/hubfs/hub_generated/module_assets/1/47909827286/1744334741510/module_AG_-_Testimonial_Slider.min.css]
[www.aspengrovesolutions.com/hubfs/hub_generated/module_assets/1/47808482806/1744334736850/module_AG_-_Open_Jobs_Widget.min.css]
[www.aspengrovesolutions.com/hubfs/hub_generated/module_assets/1/47879193563/1744334739141/module_AG_-_Collage_Image-Video.min.css]
[www.aspengrovesolutions.com/hubfs/25276569/Aspen - Website Assets/aspen-open-role.svg]
[www.aspengrovesolutions.com/hubfs/25276569/Aspen_files/aspen-open-role-border.svg]
[www.aspengrovesolutions.com/hubfs/hub_generated/module_assets/1/47778090998/1744334735948/module_AG_-_Testimonial.min.css]
[www.aspengrovesolutions.com/job-opportunities/rss.xml]
[www.aspengrovesolutions.com/job-opportunities/generated_global_groups/57201506806.html]
[www.aspengrovesolutions.com/hubfs/Business-Analyst.jpg]
[www.aspengrovesolutions.com/job-opportunities/generated_global_groups/47622175208.html]
[www.aspengrovesolutions.com/job-opportunities/business-analyst.html]
[www.aspengrovesolutions.com/hubfs/hub_generated/module_assets/1/48337277928/1744334755694/module_AG_-_LHS_Subscribe_Button.min.css]
[www.aspengrovesolutions.com/hubfs/hub_generated/module_assets/1/48023284451/1744334742961/module_search_input_for_news.min.css]
[www.aspengrovesolutions.com/news-and-events/page/generated_global_groups/57201506806.html]
[www.aspengrovesolutions.com/news-and-events/aspen-grove-solutions-releases-collections-product/-0.html]
[www.aspengrovesolutions.com/hs-fs/hubfs/Collections Blog Imagec0b7.jpg]
[www.aspengrovesolutions.com/news-and-events/the-five-star-conference-2022.html]
[www.aspengrovesolutions.com/hs-fs/hubfs/5-star-conference-2022-min5e2e.png]
[www.aspengrovesolutions.com/hs-fs/hubfs/homepoint-news0a2b.png]
[www.aspengrovesolutions.com/news-and-events/aspen-grove-solutions-signs-agreement-with-homepoint-to-implement-the-aspen-property-platform/index.html]
[www.aspengrovesolutions.com/news-and-events/aspen-grove-solutions-named-in-mreports-30-top-companies-in-mortgage-servicing/index.html]
[www.aspengrovesolutions.com/hs-fs/hubfs/magazine_30top468c.png]
[www.aspengrovesolutions.com/news-and-events/aspen-responds-to-supreme-court-lgbtq-decision/index.html]
[www.aspengrovesolutions.com/hs-fs/hubfs/Rainbow_flag_breezec70b.jpg]
[www.aspengrovesolutions.com/news-and-events/aspen-grove-solutions-launches-homeowner-forbearance-module/index.html]
[www.aspengrovesolutions.com/hs-fs/hubfs/homeowner forbearance module launchd0c5.png]
[www.aspengrovesolutions.com/news-and-events/page/generated_global_groups/47622175208.html]
[www.aspengrovesolutions.com/news-and-events/page/2.html]
[www.aspengrovesolutions.com/hubfs/25276569/Aspen - Website Assets/aspen-green-job.svg]
[www.aspengrovesolutions.com/news-and-events/index.html]
[www.aspengrovesolutions.com/news-and-events/tag/news/index.html]
[www.aspengrovesolutions.com/news-and-events/tag/press-release/index.html]
[www.aspengrovesolutions.com/news-and-events/tag/event/index.html]
[www.aspengrovesolutions.com/hubfs/HW Still.png]
[www.aspengrovesolutions.com/news-and-events/alex-verget-talks-modern-mortgage-servicing-with-housingwire.html]
[www.aspengrovesolutions.com/news-and-events/tag/event.html]
[www.aspengrovesolutions.com/hubfs/Tech_100_logo_black-1.png]
[hubspot-no-cache-eu1-prod.s3.amazonaws.com/cta/default/25276569/f7941ab3-b980-4d8c-ad82-0670fe58f906.png]
[www.aspengrovesolutions.com/news-and-events/aspen-grove-2025-hw-tech100-mortgage-winner-0-0.html]
[www.aspengrovesolutions.com/hubfs/CMG Partnership Image-02.jpg]
[www.aspengrovesolutions.com/news-and-events/cmg-selects-aspen-groves-bpm-platform.html]
[www.aspengrovesolutions.com/news-and-events/aspen-grove-solutions-waives-subscription-fees-to-support-our-community-through-covid-19/index.html]
[www.aspengrovesolutions.com/hs-fs/hubfs/Group 142824e6.png]
[www.aspengrovesolutions.com/news-and-events/aspen-sponsors-altisource-field-services-summit/index.html]
[www.aspengrovesolutions.com/hs-fs/hubfs/altisource field services summite5a9.png]
[www.aspengrovesolutions.com/news-and-events/tag/press-release.html]
[www.aspengrovesolutions.com/hubfs/T20242-1.png]
[www.aspengrovesolutions.com/news-and-events/aspen-grove-2024-hw-tech100-mortgage-winner-0.html]
[www.aspengrovesolutions.com/hubfs/Aspen Grove Website - Build Assets (Original)/Team_Ed_Oregan.png]
[www.aspengrovesolutions.com/news-and-events/aspen-grove-announce-cco.html]
[www.aspengrovesolutions.com/hubfs/20210709202411_IMG_6548 (002).jpg]
[www.aspengrovesolutions.com/news-and-events/aspen-grove-announce-ceo.html]
[www.aspengrovesolutions.com/hubfs/Gala.jpg]
[www.aspengrovesolutions.com/news-and-events/business-leader-of-the-year.html]
[www.aspengrovesolutions.com/hubfs/Camogie.jpg]
[www.aspengrovesolutions.com/news-and-events/aspen-grove-sponsor-kerry-camogie.html]
[www.aspengrovesolutions.com/hubfs/T100.png]
[hubspot-no-cache-eu1-prod.s3.amazonaws.com/cta/default/25276569/f07c299d-8182-43f4-8675-526e4fabfe7e.png]
[www.aspengrovesolutions.com/news-and-events/aspen-grove-2023-hw-tech100-mortgage-winner.html]
[www.aspengrovesolutions.com/news-and-events/page/1.html]
[www.aspengrovesolutions.com/hs-fs/hubfs/Aspen - Imported Blog Media/MReport’s top 25 fintech innovators 20202ecc.png]
[www.aspengrovesolutions.com/news-and-events/aspen-named-among-mreports-top-25-fintech-innovators-for-2020/index.html]
[www.aspengrovesolutions.com/news-and-events/the-mreport-magazine-aspen-ceo-sean-ryan-among-top-25-mortgage-industry-leaders.html]
[www.aspengrovesolutions.com/hs-fs/hubfs/Aspen-MReport-Top25b80d.jpg]
[www.aspengrovesolutions.com/news-and-events/page/3.html]
[www.aspengrovesolutions.com/hubfs/Aspen - Website Assets (Nov 2022)/aspen-sustainability-leaf.svg]
[www.aspengrovesolutions.com/hubfs/hub_generated/module_assets/1/47740386040/1744334734649/module_search_input_for_insights.min.css]
[www.aspengrovesolutions.com/insights-and-resources/page/generated_global_groups/57201506806.html]
[www.aspengrovesolutions.com/insights-and-resources/2021-housing-and-reo-outlook.html]
[www.aspengrovesolutions.com/hs-fs/hubfs/2021 REO Review5e6f.png]
[www.aspengrovesolutions.com/insights-and-resources/staying-ahead-of-the-threat/index.html]
[www.aspengrovesolutions.com/hs-fs/hubfs/535x500_04e78f.jpg]
[www.aspengrovesolutions.com/insights-and-resources/slashing-through-the-servicing-jungle.html]
[www.aspengrovesolutions.com/hs-fs/hubfs/535x500_059911.jpg]
[www.aspengrovesolutions.com/insights-and-resources/page/generated_global_groups/47622175208.html]
[www.aspengrovesolutions.com/insights-and-resources/page/2.html]
[www.aspengrovesolutions.com/insights-and-resources/index.html]
[www.aspengrovesolutions.com/insights-and-resources/tag/article/index.html]
[www.aspengrovesolutions.com/insights-and-resources/tag/white-paper/index.html]
[www.aspengrovesolutions.com/insights-and-resources/tag/publication/index.html]
[www.aspengrovesolutions.com/insights-and-resources/tag/webinar/index.html]
[www.aspengrovesolutions.com/insights-and-resources/tag/news/index.html]
[www.aspengrovesolutions.com/hubfs/iStock-1408032390.jpg]
[hubspot-no-cache-eu1-prod.s3.amazonaws.com/cta/default/25276569/4d999d17-578d-4570-ae6b-9559d63fa810.png]
[www.aspengrovesolutions.com/insights-and-resources/taking-the-stress-out-of-loss-mitigation.html]
[www.aspengrovesolutions.com/hubfs/HWFeb 2023-02-02 112756-1.png]
[hubspot-no-cache-eu1-prod.s3.amazonaws.com/cta/default/25276569/4354c41f-7314-4628-83a0-a7f20e8bc19a.png]
[www.aspengrovesolutions.com/insights-and-resources/hw-report.html]
[www.aspengrovesolutions.com/insights-and-resources/tag/news.html]
[www.aspengrovesolutions.com/hubfs/Collections-Aspen-min.jpg]
[hubspot-no-cache-eu1-prod.s3.amazonaws.com/cta/default/25276569/a9c5ace0-cbcd-45ae-95ae-ed5068110e6e.png]
[hubspot-no-cache-eu1-prod.s3.amazonaws.com/cta/default/25276569/45f71585-821a-41c2-8867-a54b23079fb5.png]
[www.aspengrovesolutions.com/insights-and-resources/collections.html]
[www.aspengrovesolutions.com/hubfs/Aspen Cover Story July DS News-min.jpg]
[hubspot-no-cache-eu1-prod.s3.amazonaws.com/cta/default/25276569/bf2a4298-4cc8-44e1-8bfe-6460d2f0eeee.png]
[www.aspengrovesolutions.com/insights-and-resources/ds-news-celebrates-25-years-of-aspen-grove-solutions.html]
[www.aspengrovesolutions.com/insights-and-resources/tag/publication.html]
[www.aspengrovesolutions.com/hubfs/Superhuman Servicer.jpg]
[hubspot-no-cache-eu1-prod.s3.amazonaws.com/cta/default/25276569/77f29429-d032-46da-901e-67fb937a5a94.png]
[www.aspengrovesolutions.com/insights-and-resources/the-superhuman-servicer.html]
[www.aspengrovesolutions.com/hubfs/iStock-511721606-min.jpg]
[hubspot-no-cache-eu1-prod.s3.amazonaws.com/cta/default/25276569/f37ac622-f02c-4a5d-9a05-bc8e3fd6dcff.png]
[www.aspengrovesolutions.com/insights-and-resources/accessibility.html]
[www.aspengrovesolutions.com/insights-and-resources/restarting-the-servicing-engine/generated_global_groups/57201506806.html]
[www.aspengrovesolutions.com/hubfs/Restarting the servicing engine - update.png]
[hubspot-no-cache-eu1-prod.s3.amazonaws.com/cta/default/25276569/ddfb8732-02b4-48b5-afe3-18d08660eb95.png]
[www.aspengrovesolutions.com/insights-and-resources/restarting-the-servicing-engine/generated_global_groups/47622175208.html]
[www.aspengrovesolutions.com/insights-and-resources/restarting-the-servicing-engine/index.html]
[www.aspengrovesolutions.com/insights-and-resources/tag/webinar.html]
[www.aspengrovesolutions.com/hs-fs/hubfs/535x500_0625b0.jpg]
[hubspot-no-cache-eu1-prod.s3.amazonaws.com/cta/default/25276569/cf9e3f2e-1fa3-4dd1-83be-b9c01b8c4341.png]
[www.aspengrovesolutions.com/insights-and-resources/do-you-know-where-your-advances-are.html]
[www.aspengrovesolutions.com/insights-and-resources/page/1.html]
[www.aspengrovesolutions.com/hubfs/hub_generated/module_assets/1/47622172133/1744334716436/module_AG_-_Our_Offices_Locations.min.css]
[www.aspengrovesolutions.com/hubfs/Aspen_files/au-tr-right2.svg]
[www.aspengrovesolutions.com/hubfs/Aspen_files/au-tr-left2.svg]
[www.aspengrovesolutions.com/hubfs/Aspen_files/login-sec-bg.svg]
[www.aspengrovesolutions.com/hubfs/hub_generated/module_assets/1/47622175187/1744334718618/module_AG_-_LHS_Share_Button.min.css]
[www.aspengrovesolutions.com/hubfs/hub_generated/module_assets/1/47622175188/1744334719851/module_Blog_Tags_Showing.min.css]
[www.aspengrovesolutions.com/news-and-events/generated_global_groups/57201506806.html]
[www.aspengrovesolutions.com/news-and-events/tag/article.html]
[www.aspengrovesolutions.com/news-and-events/tag/white-paper.html]
[www.aspengrovesolutions.com/news-and-events/generated_global_groups/47622175208.html]
[www.aspengrovesolutions.com/news-and-events/tag/news/page/generated_global_groups/57201506806.html]
[www.aspengrovesolutions.com/news-and-events/tag/news/page/generated_global_groups/47622175208.html]
[www.aspengrovesolutions.com/news-and-events/tag/news/page/2.html]
[7052064.fs1.hubspotusercontent-na1.net/hubfs/7052064/hub_generated/template_assets/DEFAULT_ASSET/1767118704405/template_layout.min.css]
[www.aspengrovesolutions.com/news-and-events/tag/generated_global_groups/57201506806.html]
[www.aspengrovesolutions.com/hubfs/Vanguard winner.png]
[hubspot-no-cache-eu1-prod.s3.amazonaws.com/cta/default/25276569/20dc27cc-9b56-465a-a7fb-32b6ad212bfa.png]
[www.aspengrovesolutions.com/news-and-events/sean-ryan-winner-of-hw-2022-vanguard-award.html]
[www.aspengrovesolutions.com/hubfs/Aspen Cover Story July DS News.jpg]
[www.aspengrovesolutions.com/news-and-events/ds-news-celebrates-25-years-of-aspen-grove-solutions.html]
[www.aspengrovesolutions.com/news-and-events/staying-ahead-of-the-threat/generated_global_groups/57201506806.25a.delayed]
[www.aspengrovesolutions.com/hs-fs/hubfs/Aspen - Imported Blog Media/Group 14287896.png]
[hubspot-no-cache-eu1-prod.s3.amazonaws.com/cta/default/25276569/33449834-df34-4b6b-81b8-45c38d6f2530.png]
[www.aspengrovesolutions.com/news-and-events/staying-ahead-of-the-threat/generated_global_groups/47622175208.html]
[www.aspengrovesolutions.com/news-and-events/staying-ahead-of-the-threat/-0.html]
[www.aspengrovesolutions.com/news-and-events/aspen-grove-solutions-a-2021-hw-tech100-mortgage-winner/generated_global_groups/57201506806.html]
[www.aspengrovesolutions.com/hs-fs/hubfs/winner-17896.png]
[hubspot-no-cache-eu1-prod.s3.amazonaws.com/cta/default/25276569/f56c2090-8be5-4188-82da-01e976aef575.png]
[www.aspengrovesolutions.com/news-and-events/aspen-grove-solutions-a-2021-hw-tech100-mortgage-winner/generated_global_groups/47622175208.html]
[www.aspengrovesolutions.com/news-and-events/aspen-grove-solutions-a-2021-hw-tech100-mortgage-winner/index.html]
[www.aspengrovesolutions.com/news-and-events/tag/news/page/1.html]
[www.aspengrovesolutions.com/news-and-events/tag/generated_global_groups/47622175208.html]
[www.aspengrovesolutions.com/hubfs/hub_generated/module_assets/1/48307705567/1744334754892/module_Blog_Tags_Showing_3_posts.min.css]
[www.aspengrovesolutions.com/insights-and-resources/generated_global_groups/57201506806.html]
[www.aspengrovesolutions.com/insights-and-resources/generated_global_groups/47622175208.html]
[www.aspengrovesolutions.com/insights-and-resources/tag/generated_global_groups/57201506806.html]
[www.aspengrovesolutions.com/hs-fs/hubfs/535x500_0725b0.jpg]
[hubspot-no-cache-eu1-prod.s3.amazonaws.com/cta/default/25276569/6b74e051-1c0c-4543-b87c-4093b5dfa073.png]
[www.aspengrovesolutions.com/insights-and-resources/a-dam-ready-to-burst.html]
[www.aspengrovesolutions.com/hs-fs/hubfs/digital engagement25b0.jpg]
[hubspot-no-cache-eu1-prod.s3.amazonaws.com/cta/default/25276569/c49c01e2-4a93-4087-a179-ff3c62d1e208.png]
[www.aspengrovesolutions.com/insights-and-resources/digital-engagement-vs-death-by-a-thousand-cuts.html]
[www.aspengrovesolutions.com/hs-fs/hubfs/block chain25b0.jpg]
[www.aspengrovesolutions.com/insights-and-resources/the-case-for-blockchain-in-mortgage-servicing.html]
[www.aspengrovesolutions.com/hs-fs/hubfs/Dashboards Mockup - Aspen Grove Platform-125b0.jpg]
[hubspot-no-cache-eu1-prod.s3.amazonaws.com/cta/default/25276569/4397dede-7e8a-452b-847e-46888b6993ea.png]
[www.aspengrovesolutions.com/insights-and-resources/artificial-intelligence-in-default-servicing.html]
[www.aspengrovesolutions.com/insights-and-resources/tag/generated_global_groups/47622175208.html]
[www.aspengrovesolutions.com/hs-fs/hubfs/535x500_0225b0.jpg]
[hubspot-no-cache-eu1-prod.s3.amazonaws.com/cta/default/25276569/43753465-1b92-4f29-9327-d02f70e14c78.png]
[www.aspengrovesolutions.com/insights-and-resources/digital-borrower-engagement-a-critical-tool.html]
[www.aspengrovesolutions.com/insights-and-resources/forbearance-in-the-cares-act/generated_global_groups/57201506806.html]
[www.aspengrovesolutions.com/hs-fs/hubfs/forbearance module launch25b0.jpg]
[hubspot-no-cache-eu1-prod.s3.amazonaws.com/cta/default/25276569/49bf2157-8773-4a02-b449-032d43f6792c.png]
[www.aspengrovesolutions.com/insights-and-resources/forbearance-in-the-cares-act/generated_global_groups/47622175208.html]
[www.aspengrovesolutions.com/insights-and-resources/forbearance-in-the-cares-act/index.html]
[www.aspengrovesolutions.com/hs-fs/hubfs/535x500_0125b0.jpg]
[hubspot-no-cache-eu1-prod.s3.amazonaws.com/cta/default/25276569/bddd1352-6a11-463d-8541-b2a46352fb22.png]
[www.aspengrovesolutions.com/insights-and-resources/creating-positive-forbearance-outcomes-from-covid-19.html]
[www.aspengrovesolutions.com/hubfs/25276569/Aspen - Website Assets/Group 73.html]
[www.aspengrovesolutions.com/hubfs/hub_generated/template_assets/1/47622175177/1744321543272/owl.video.play.html]
[www.aspengrovesolutions.com/hubfs/hub_generated/module_assets/1/47622175193/1744334723264/module_AG_-_Image_or_Video.min.css]
[www.aspengrovesolutions.com/hubfs/hub_generated/module_assets/1/47622175199/1744334725189/module_Next_case_study_post.min.css]
[www.aspengrovesolutions.com/client-success-stories/generated_global_groups/57201506806.html]
[www.aspengrovesolutions.com/hubfs/Partnership-programme.svg]
[www.aspengrovesolutions.com/client-success-stories/generated_global_groups/47622175208.html]
[www.aspengrovesolutions.com/hubfs/25276569/Aspen_files/aspen-open-role-border.svg]
[www.aspengrovesolutions.com/hubfs/hub_generated/module_assets/1/47778090998/1744334735948/module_AG_-_Testimonial.min.css]
[www.aspengrovesolutions.com/job-opportunities/generated_global_groups/57201506806.html]
[www.aspengrovesolutions.com/job-opportunities/generated_global_groups/47622175208.html]
[www.aspengrovesolutions.com/news-and-events/page/generated_global_groups/57201506806.html]
[www.aspengrovesolutions.com/hubfs/25276569/Aspen - Website Assets/button-transparent-str-1.svg]
[www.aspengrovesolutions.com/news-and-events/aspen-grove-solutions-releases-collections-product/generated_global_groups/57201506806.272.delayed]
[www.aspengrovesolutions.com/hubfs/Collections Blog Image.jpg]
[www.aspengrovesolutions.com/news-and-events/aspen-grove-solutions-releases-collections-product/generated_global_groups/47622175208.html]
[www.aspengrovesolutions.com/news-and-events/aspen-grove-solutions-releases-collections-product/-0.html]
[www.aspengrovesolutions.com/hubfs/5-star-conference-2022-min.png]
[www.aspengrovesolutions.com/news-and-events/the-five-star-conference-2022.html]
[www.aspengrovesolutions.com/news-and-events/aspen-grove-solutions-signs-agreement-with-homepoint-to-implement-the-aspen-property-platform/generated_global_groups/57201506806.html]
[www.aspengrovesolutions.com/hs-fs/hubfs/homepoint-news2f69.png]
[www.aspengrovesolutions.com/news-and-events/aspen-grove-solutions-signs-agreement-with-homepoint-to-implement-the-aspen-property-platform/generated_global_groups/47622175208.html]
[www.aspengrovesolutions.com/news-and-events/aspen-grove-solutions-signs-agreement-with-homepoint-to-implement-the-aspen-property-platform/index.html]
[www.aspengrovesolutions.com/news-and-events/aspen-grove-solutions-named-in-mreports-30-top-companies-in-mortgage-servicing/generated_global_groups/57201506806.html]
[www.aspengrovesolutions.com/hs-fs/hubfs/magazine_30top7896.png]
[hubspot-no-cache-eu1-prod.s3.amazonaws.com/cta/default/25276569/28d7c3c9-84fe-42a1-8ec0-b327d8c8a01e.png]
[www.aspengrovesolutions.com/news-and-events/aspen-grove-solutions-named-in-mreports-30-top-companies-in-mortgage-servicing/generated_global_groups/47622175208.html]
[www.aspengrovesolutions.com/news-and-events/aspen-grove-solutions-named-in-mreports-30-top-companies-in-mortgage-servicing/index.html]
[www.aspengrovesolutions.com/news-and-events/aspen-responds-to-supreme-court-lgbtq-decision/generated_global_groups/57201506806.html]
[www.aspengrovesolutions.com/hs-fs/hubfs/Rainbow_flag_breezeb0c6.jpg]
[hubspot-no-cache-eu1-prod.s3.amazonaws.com/cta/default/25276569/95048312-07e1-45a0-a43d-f51d8d1fb6f7.png]
[www.aspengrovesolutions.com/hs-fs/hubfs/MR7.5690.jpg]
[www.aspengrovesolutions.com/news-and-events/aspen-responds-to-supreme-court-lgbtq-decision/generated_global_groups/47622175208.html]
[www.aspengrovesolutions.com/news-and-events/aspen-responds-to-supreme-court-lgbtq-decision/index.html]
[www.aspengrovesolutions.com/news-and-events/aspen-grove-solutions-launches-homeowner-forbearance-module/generated_global_groups/57201506806.html]
[www.aspengrovesolutions.com/hs-fs/hubfs/homeowner forbearance module launch7896.png]
[www.aspengrovesolutions.com/news-and-events/aspen-grove-solutions-launches-homeowner-forbearance-module/generated_global_groups/47622175208.html]
[www.aspengrovesolutions.com/news-and-events/aspen-grove-solutions-launches-homeowner-forbearance-module/index.html]
[www.aspengrovesolutions.com/news-and-events/page/generated_global_groups/47622175208.html]
[www.aspengrovesolutions.com/news-and-events/aspen-grove-solutions-waives-subscription-fees-to-support-our-community-through-covid-19/generated_global_groups/57201506806.html]
[www.aspengrovesolutions.com/hs-fs/hubfs/Group 14287896.png]
[www.aspengrovesolutions.com/news-and-events/aspen-grove-solutions-waives-subscription-fees-to-support-our-community-through-covid-19/generated_global_groups/47622175208.html]
[www.aspengrovesolutions.com/news-and-events/aspen-grove-solutions-waives-subscription-fees-to-support-our-community-through-covid-19/index.html]
[www.aspengrovesolutions.com/news-and-events/aspen-sponsors-altisource-field-services-summit/generated_global_groups/57201506806.html]
[www.aspengrovesolutions.com/hs-fs/hubfs/altisource field services summit7896.jpg]
[www.aspengrovesolutions.com/news-and-events/aspen-sponsors-altisource-field-services-summit/generated_global_groups/47622175208.html]
[www.aspengrovesolutions.com/news-and-events/aspen-sponsors-altisource-field-services-summit/index.html]
[www.aspengrovesolutions.com/news-and-events/aspen-named-among-mreports-top-25-fintech-innovators-for-2020/generated_global_groups/57201506806.html]
[www.aspengrovesolutions.com/hs-fs/hubfs/Aspen - Imported Blog Media/MReport’s top 25 fintech innovators 20207896.png]
[hubspot-no-cache-eu1-prod.s3.amazonaws.com/cta/default/25276569/1fc826b5-836f-4f34-935c-d8f1a490aaa1.png]
[www.aspengrovesolutions.com/news-and-events/aspen-named-among-mreports-top-25-fintech-innovators-for-2020/generated_global_groups/47622175208.html]
[www.aspengrovesolutions.com/news-and-events/aspen-named-among-mreports-top-25-fintech-innovators-for-2020/index.html]
[www.aspengrovesolutions.com/hubfs/Aspen-MReport-Top25.jpg]
[hubspot-no-cache-eu1-prod.s3.amazonaws.com/cta/default/25276569/496a40ad-69bf-4c07-8b09-e10ad0a79615.png]
[www.aspengrovesolutions.com/news-and-events/the-mreport-magazine-aspen-ceo-sean-ryan-among-top-25-mortgage-industry-leaders.html]
[www.aspengrovesolutions.com/insights-and-resources/page/generated_global_groups/57201506806.html]
[www.aspengrovesolutions.com/hs-fs/hubfs/2021 REO Review86d3.png]
[hubspot-no-cache-eu1-prod.s3.amazonaws.com/cta/default/25276569/ba4407b8-4b6c-477d-8a2a-f53f2c3a6b78.png]
[www.aspengrovesolutions.com/insights-and-resources/2021-housing-and-reo-outlook.html]
[www.aspengrovesolutions.com/insights-and-resources/staying-ahead-of-the-threat/generated_global_groups/57201506806.html]
[www.aspengrovesolutions.com/hs-fs/hubfs/535x500_0425b0.jpg]
[hubspot-no-cache-eu1-prod.s3.amazonaws.com/cta/default/25276569/a9a683a7-d965-4719-8c54-fb5db3b1fe7f.png]
[www.aspengrovesolutions.com/insights-and-resources/staying-ahead-of-the-threat/generated_global_groups/47622175208.html]
[www.aspengrovesolutions.com/insights-and-resources/staying-ahead-of-the-threat/index.html]
[www.aspengrovesolutions.com/hs-fs/hubfs/535x500_0525b0.jpg]
[hubspot-no-cache-eu1-prod.s3.amazonaws.com/cta/default/25276569/e0b701f3-85ba-47d1-8e44-910e3fd120e6.png]
[www.aspengrovesolutions.com/insights-and-resources/slashing-through-the-servicing-jungle.html]
[www.aspengrovesolutions.com/insights-and-resources/page/generated_global_groups/47622175208.html]
[www.aspengrovesolutions.com/insights-and-resources/restarting-the-servicing-engine/generated_global_groups/57201506806.html]
[www.aspengrovesolutions.com/insights-and-resources/restarting-the-servicing-engine/generated_global_groups/47622175208.html]
[www.aspengrovesolutions.com/news-and-events/tag/news/page/generated_global_groups/57201506806.html]
[www.aspengrovesolutions.com/news-and-events/tag/news/page/generated_global_groups/47622175208.html]
[www.aspengrovesolutions.com/news-and-events/staying-ahead-of-the-threat/generated_global_groups/57201506806.html]
[www.aspengrovesolutions.com/news-and-events/staying-ahead-of-the-threat/generated_global_groups/47622175208.html]
[www.aspengrovesolutions.com/news-and-events/aspen-grove-solutions-a-2021-hw-tech100-mortgage-winner/generated_global_groups/57201506806.html]
[www.aspengrovesolutions.com/news-and-events/aspen-grove-solutions-a-2021-hw-tech100-mortgage-winner/generated_global_groups/47622175208.html]
[www.aspengrovesolutions.com/executive-team/index.html]
[www.aspengrovesolutions.com/insights-and-resources/forbearance-in-the-cares-act/generated_global_groups/57201506806.html]
[www.aspengrovesolutions.com/insights-and-resources/forbearance-in-the-cares-act/generated_global_groups/47622175208.html]
[www.aspengrovesolutions.com/hubfs/25276569/Aspen - Website Assets/button-transparent-str-1.svg]
[www.aspengrovesolutions.com/news-and-events/aspen-grove-solutions-releases-collections-product/generated_global_groups/57201506806.html]
[www.aspengrovesolutions.com/news-and-events/aspen-grove-solutions-releases-collections-product/generated_global_groups/47622175208.html]
[www.aspengrovesolutions.com/news-and-events/aspen-grove-solutions-signs-agreement-with-homepoint-to-implement-the-aspen-property-platform/generated_global_groups/57201506806.html]
[www.aspengrovesolutions.com/news-and-events/aspen-grove-solutions-signs-agreement-with-homepoint-to-implement-the-aspen-property-platform/generated_global_groups/47622175208.html]
[www.aspengrovesolutions.com/news-and-events/aspen-grove-solutions-named-in-mreports-30-top-companies-in-mortgage-servicing/generated_global_groups/57201506806.html]
[www.aspengrovesolutions.com/news-and-events/aspen-grove-solutions-named-in-mreports-30-top-companies-in-mortgage-servicing/generated_global_groups/47622175208.html]
[www.aspengrovesolutions.com/news-and-events/aspen-responds-to-supreme-court-lgbtq-decision/generated_global_groups/57201506806.html]
[www.aspengrovesolutions.com/news-and-events/aspen-responds-to-supreme-court-lgbtq-decision/generated_global_groups/47622175208.html]
[www.aspengrovesolutions.com/news-and-events/aspen-grove-solutions-launches-homeowner-forbearance-module/generated_global_groups/57201506806.html]
[www.aspengrovesolutions.com/news-and-events/aspen-grove-solutions-launches-homeowner-forbearance-module/generated_global_groups/47622175208.html]
[www.aspengrovesolutions.com/news-and-events/aspen-grove-solutions-waives-subscription-fees-to-support-our-community-through-covid-19/generated_global_groups/57201506806.html]
[www.aspengrovesolutions.com/news-and-events/aspen-grove-solutions-waives-subscription-fees-to-support-our-community-through-covid-19/generated_global_groups/47622175208.html]
[www.aspengrovesolutions.com/news-and-events/aspen-sponsors-altisource-field-services-summit/generated_global_groups/57201506806.html]
[www.aspengrovesolutions.com/news-and-events/aspen-sponsors-altisource-field-services-summit/generated_global_groups/47622175208.html]
[www.aspengrovesolutions.com/news-and-events/aspen-named-among-mreports-top-25-fintech-innovators-for-2020/generated_global_groups/57201506806.html]
[www.aspengrovesolutions.com/news-and-events/aspen-named-among-mreports-top-25-fintech-innovators-for-2020/generated_global_groups/47622175208.html]
[www.aspengrovesolutions.com/insights-and-resources/staying-ahead-of-the-threat/generated_global_groups/57201506806.html]
[www.aspengrovesolutions.com/insights-and-resources/staying-ahead-of-the-threat/generated_global_groups/47622175208.html]
[s7.addthis.com/js/300/addthis_widget.js]
[f.hubspotusercontent10.net/hubfs/5095261/Auxilion_Theme/letstalk-back.png]
[www.aspengrovesolutions.com/client-success-stories/tag/generated_global_groups/57201506806.html]
[www.aspengrovesolutions.com/client-success-stories/tag/generated_global_groups/47622175208.html]
[www.aspengrovesolutions.com/client-success-stories/tag/generated_global_groups/47622175208.html]
